{
    "multiqc_versions_single": {
        "content": [
            [
                "versions.yml:md5,41f391dcedce7f93ca188f3a3ffa0916"
            ]
        ],
        "meta": {
            "nf-test": "0.9.0",
            "nextflow": "24.04.4"
        },
        "timestamp": "2024-10-02T17:51:46.317523"
    },
    "multiqc_stub": {
        "content": [
            [
                "multiqc_report.html",
                "multiqc_data",
                "multiqc_plots",
                "versions.yml:md5,41f391dcedce7f93ca188f3a3ffa0916"
            ]
        ],
        "meta": {
            "nf-test": "0.9.0",
            "nextflow": "24.04.4"
        },
        "timestamp": "2024-10-02T17:52:20.680978"
    },
    "multiqc_versions_config": {
        "content": [
            [
                "versions.yml:md5,41f391dcedce7f93ca188f3a3ffa0916"
            ]
        ],
        "meta": {
            "nf-test": "0.9.0",
            "nextflow": "24.04.4"
        },
        "timestamp": "2024-10-02T17:52:09.185842"
    }
}