{
    "sarscov2 - bam - stub": {
        "content": [
            {
                "0": [
                    [
                        {
                            "id": "test"
                        },
                        "test.bam:md5,d41d8cd98f00b204e9800998ecf8427e"
                    ]
                ],
                "1": [
                    [
                        {
                            "id": "test"
                        },
                        "test.cram:md5,d41d8cd98f00b204e9800998ecf8427e"
                    ]
                ],
                "2": [
                    "versions.yml:md5,908022a782ee4e7d9c8264a2aa2c1c9f"
                ],
                "bam": [
                    [
                        {
                            "id": "test"
                        },
                        "test.bam:md5,d41d8cd98f00b204e9800998ecf8427e"
                    ]
                ],
                "cram": [
                    [
                        {
                            "id": "test"
                        },
                        "test.cram:md5,d41d8cd98f00b204e9800998ecf8427e"
                    ]
                ],
                "versions": [
                    "versions.yml:md5,908022a782ee4e7d9c8264a2aa2c1c9f"
                ]
            }
        ],
        "meta": {
            "nf-test": "0.8.4",
            "nextflow": "23.10.1"
        },
        "timestamp": "2024-02-15T10:12:13.226593047"
    },
    "sarscov2 - cram": {
        "content": [
            {
                "0": [
                    
                ],
                "1": [
                    [
                        {
                            "id": "test"
                        },
                        "test.cram:md5,133213fe1e49e30f796e1eb836fb6611"
                    ]
                ],
                "2": [
                    "versions.yml:md5,908022a782ee4e7d9c8264a2aa2c1c9f"
                ],
                "bam": [
                    
                ],
                "cram": [
                    [
                        {
                            "id": "test"
                        },
                        "test.cram:md5,133213fe1e49e30f796e1eb836fb6611"
                    ]
                ],
                "versions": [
                    "versions.yml:md5,908022a782ee4e7d9c8264a2aa2c1c9f"
                ]
            }
        ],
        "meta": {
            "nf-test": "0.8.4",
            "nextflow": "23.10.1"
        },
        "timestamp": "2024-02-15T11:43:27.971279286"
    },
    "sarscov2 - bam": {
        "content": [
            {
                "0": [
                    [
                        {
                            "id": "test"
                        },
                        "test.bam:md5,1901c819fcba0fdd5e2482e6dc8285ef"
                    ]
                ],
                "1": [
                    
                ],
                "2": [
                    "versions.yml:md5,908022a782ee4e7d9c8264a2aa2c1c9f"
                ],
                "bam": [
                    [
                        {
                            "id": "test"
                        },
                        "test.bam:md5,1901c819fcba0fdd5e2482e6dc8285ef"
                    ]
                ],
                "cram": [
                    
                ],
                "versions": [
                    "versions.yml:md5,908022a782ee4e7d9c8264a2aa2c1c9f"
                ]
            }
        ],
        "meta": {
            "nf-test": "0.8.4",
            "nextflow": "23.10.1"
        },
        "timestamp": "2024-02-15T11:40:33.915518205"
    },
    "sarscov2 - bam intervals": {
        "content": [
            {
                "0": [
                    [
                        {
                            "id": "test"
                        },
                        "test.bam:md5,2ca2446f0125890280056fd7da822732"
                    ]
                ],
                "1": [
                    
                ],
                "2": [
                    "versions.yml:md5,908022a782ee4e7d9c8264a2aa2c1c9f"
                ],
                "bam": [
                    [
                        {
                            "id": "test"
                        },
                        "test.bam:md5,2ca2446f0125890280056fd7da822732"
                    ]
                ],
                "cram": [
                    
                ],
                "versions": [
                    "versions.yml:md5,908022a782ee4e7d9c8264a2aa2c1c9f"
                ]
            }
        ],
        "meta": {
            "nf-test": "0.8.4",
            "nextflow": "23.10.1"
        },
        "timestamp": "2024-02-15T11:42:52.310003463"
    }
}