{
    "bp_version": {
        "content": null,
        "meta": {
            "nf-test": "0.8.4",
            "nextflow": "23.10.1"
        },
        "timestamp": "2024-03-20T15:14:10.142709768"
    },
    "human - cram - stub": {
        "content": [
            {
                "0": [
                    [
                        {
                            "id": "test",
                            "single_end": false
                        },
                        "test.somatic_indels.vcf.gz:md5,68b329da9893e34099c7d8ad5cb9c940"
                    ]
                ],
                "1": [
                    [
                        {
                            "id": "test",
                            "single_end": false
                        },
                        "test.somatic_indels.vcf.gz.tbi:md5,d41d8cd98f00b204e9800998ecf8427e"
                    ]
                ],
                "2": [
                    [
                        {
                            "id": "test",
                            "single_end": false
                        },
                        "test.somatic_snvs.vcf.gz:md5,68b329da9893e34099c7d8ad5cb9c940"
                    ]
                ],
                "3": [
                    [
                        {
                            "id": "test",
                            "single_end": false
                        },
                        "test.somatic_snvs.vcf.gz.tbi:md5,d41d8cd98f00b204e9800998ecf8427e"
                    ]
                ],
                "4": [
                    "versions.yml:md5,97860fb8f9cda9494819160f7cf6e35b"
                ],
                "vcf_indels": [
                    [
                        {
                            "id": "test",
                            "single_end": false
                        },
                        "test.somatic_indels.vcf.gz:md5,68b329da9893e34099c7d8ad5cb9c940"
                    ]
                ],
                "vcf_indels_tbi": [
                    [
                        {
                            "id": "test",
                            "single_end": false
                        },
                        "test.somatic_indels.vcf.gz.tbi:md5,d41d8cd98f00b204e9800998ecf8427e"
                    ]
                ],
                "vcf_snvs": [
                    [
                        {
                            "id": "test",
                            "single_end": false
                        },
                        "test.somatic_snvs.vcf.gz:md5,68b329da9893e34099c7d8ad5cb9c940"
                    ]
                ],
                "vcf_snvs_tbi": [
                    [
                        {
                            "id": "test",
                            "single_end": false
                        },
                        "test.somatic_snvs.vcf.gz.tbi:md5,d41d8cd98f00b204e9800998ecf8427e"
                    ]
                ],
                "versions": [
                    "versions.yml:md5,97860fb8f9cda9494819160f7cf6e35b"
                ]
            }
        ],
        "meta": {
            "nf-test": "0.8.4",
            "nextflow": "23.10.1"
        },
        "timestamp": "2024-03-20T15:08:42.361540303"
    },
    "version": {
        "content": null,
        "meta": {
            "nf-test": "0.8.4",
            "nextflow": "23.10.1"
        },
        "timestamp": "2024-03-20T15:11:29.631209445"
    }
}