{
    "Run with profile test | --input tests/csv/3.0/mapped_single_bam.csv --step markduplicates --skip_tools markduplicates --tools null ": {
        "content": [
            9,
            {
                "GATK4_APPLYBQSR": {
                    "gatk4": "4.5.0.0"
                },
                "GATK4_BASERECALIBRATOR": {
                    "gatk4": "4.5.0.0"
                },
                "MOSDEPTH": {
                    "mosdepth": "0.3.8"
                },
                "SAMTOOLS_STATS": {
                    "samtools": 1.21
                },
                "Workflow": {
                    "nf-core/sarek": "v3.6.0dev"
                }
            },
            [
                "csv",
                "multiqc",
                "multiqc/multiqc_data",
                "multiqc/multiqc_data/gatk-base-recalibrator-quality-scores-plot_Pre-recalibration_Count.txt",
                "multiqc/multiqc_data/gatk-base-recalibrator-quality-scores-plot_Pre-recalibration_Percent.txt",
                "multiqc/multiqc_data/gatk-base-recalibrator-reported-empirical-plot.txt",
                "multiqc/multiqc_data/gatk_base_recalibrator.txt",
                "multiqc/multiqc_data/mosdepth-coverage-per-contig-single.txt",
                "multiqc/multiqc_data/mosdepth-cumcoverage-dist-id.txt",
                "multiqc/multiqc_data/mosdepth_cov_dist.txt",
                "multiqc/multiqc_data/mosdepth_cumcov_dist.txt",
                "multiqc/multiqc_data/mosdepth_perchrom.txt",
                "multiqc/multiqc_data/multiqc.log",
                "multiqc/multiqc_data/multiqc_citations.txt",
                "multiqc/multiqc_data/multiqc_data.json",
                "multiqc/multiqc_data/multiqc_general_stats.txt",
                "multiqc/multiqc_data/multiqc_samtools_stats.txt",
                "multiqc/multiqc_data/multiqc_software_versions.txt",
                "multiqc/multiqc_data/multiqc_sources.txt",
                "multiqc/multiqc_data/samtools-stats-dp.txt",
                "multiqc/multiqc_data/samtools_alignment_plot.txt",
                "multiqc/multiqc_plots",
                "multiqc/multiqc_plots/pdf",
                "multiqc/multiqc_plots/pdf/gatk-base-recalibrator-quality-scores-plot_Pre-recalibration_Count.pdf",
                "multiqc/multiqc_plots/pdf/gatk-base-recalibrator-quality-scores-plot_Pre-recalibration_Percent.pdf",
                "multiqc/multiqc_plots/pdf/gatk-base-recalibrator-reported-empirical-plot.pdf",
                "multiqc/multiqc_plots/pdf/general_stats_table.pdf",
                "multiqc/multiqc_plots/pdf/mosdepth-coverage-per-contig-single-cnt.pdf",
                "multiqc/multiqc_plots/pdf/mosdepth-coverage-per-contig-single-pct.pdf",
                "multiqc/multiqc_plots/pdf/mosdepth-cumcoverage-dist-id.pdf",
                "multiqc/multiqc_plots/pdf/samtools-stats-dp.pdf",
                "multiqc/multiqc_plots/pdf/samtools_alignment_plot-cnt.pdf",
                "multiqc/multiqc_plots/pdf/samtools_alignment_plot-pct.pdf",
                "multiqc/multiqc_plots/png",
                "multiqc/multiqc_plots/png/gatk-base-recalibrator-quality-scores-plot_Pre-recalibration_Count.png",
                "multiqc/multiqc_plots/png/gatk-base-recalibrator-quality-scores-plot_Pre-recalibration_Percent.png",
                "multiqc/multiqc_plots/png/gatk-base-recalibrator-reported-empirical-plot.png",
                "multiqc/multiqc_plots/png/general_stats_table.png",
                "multiqc/multiqc_plots/png/mosdepth-coverage-per-contig-single-cnt.png",
                "multiqc/multiqc_plots/png/mosdepth-coverage-per-contig-single-pct.png",
                "multiqc/multiqc_plots/png/mosdepth-cumcoverage-dist-id.png",
                "multiqc/multiqc_plots/png/samtools-stats-dp.png",
                "multiqc/multiqc_plots/png/samtools_alignment_plot-cnt.png",
                "multiqc/multiqc_plots/png/samtools_alignment_plot-pct.png",
                "multiqc/multiqc_plots/svg",
                "multiqc/multiqc_plots/svg/gatk-base-recalibrator-quality-scores-plot_Pre-recalibration_Count.svg",
                "multiqc/multiqc_plots/svg/gatk-base-recalibrator-quality-scores-plot_Pre-recalibration_Percent.svg",
                "multiqc/multiqc_plots/svg/gatk-base-recalibrator-reported-empirical-plot.svg",
                "multiqc/multiqc_plots/svg/general_stats_table.svg",
                "multiqc/multiqc_plots/svg/mosdepth-coverage-per-contig-single-cnt.svg",
                "multiqc/multiqc_plots/svg/mosdepth-coverage-per-contig-single-pct.svg",
                "multiqc/multiqc_plots/svg/mosdepth-cumcoverage-dist-id.svg",
                "multiqc/multiqc_plots/svg/samtools-stats-dp.svg",
                "multiqc/multiqc_plots/svg/samtools_alignment_plot-cnt.svg",
                "multiqc/multiqc_plots/svg/samtools_alignment_plot-pct.svg",
                "multiqc/multiqc_report.html",
                "pipeline_info",
                "pipeline_info/nf_core_sarek_software_mqc_versions.yml",
                "preprocessing",
                "preprocessing/recal_table",
                "preprocessing/recal_table/test",
                "preprocessing/recal_table/test/test.recal.table",
                "reference",
                "reports",
                "reports/mosdepth",
                "reports/mosdepth/test",
                "reports/mosdepth/test/test.sorted.mosdepth.global.dist.txt",
                "reports/mosdepth/test/test.sorted.mosdepth.region.dist.txt",
                "reports/mosdepth/test/test.sorted.mosdepth.summary.txt",
                "reports/mosdepth/test/test.sorted.regions.bed.gz",
                "reports/mosdepth/test/test.sorted.regions.bed.gz.csi",
                "reports/samtools",
                "reports/samtools/test",
                "reports/samtools/test/test.sorted.cram.stats"
            ],
            [
                "gatk-base-recalibrator-quality-scores-plot_Pre-recalibration_Count.txt:md5,d2650a5bec510d798e347f36a4d00e2d",
                "gatk-base-recalibrator-quality-scores-plot_Pre-recalibration_Percent.txt:md5,f2123f7ee3d060c1547efc6247a04e42",
                "mosdepth-coverage-per-contig-single.txt:md5,8b48f3336b063dcb1e086928b28a2cc6",
                "mosdepth-cumcoverage-dist-id.txt:md5,3148977f0c4684ba681ee298d677fe38",
                "mosdepth_cov_dist.txt:md5,9a531d5a5c05e568a1aeb2e738ac23c4",
                "mosdepth_cumcov_dist.txt:md5,9a531d5a5c05e568a1aeb2e738ac23c4",
                "mosdepth_perchrom.txt:md5,8b48f3336b063dcb1e086928b28a2cc6",
                "multiqc_citations.txt:md5,7d0b4b866fa577272c48a1f3ad72e75d",
                "multiqc_samtools_stats.txt:md5,7f5f43de35c194be7f5980b62eacfab7",
                "samtools-stats-dp.txt:md5,85c4ca7a3a6f2534d4d329937be49966",
                "samtools_alignment_plot.txt:md5,301dda049c8aa2f848c98c81f584c315",
                "test.sorted.mosdepth.global.dist.txt:md5,bdb8f185c35dd1eec7ce2f69bce57972",
                "test.sorted.mosdepth.region.dist.txt:md5,f1f1ad86fc280bced1888a5d7d25a3f2",
                "test.sorted.mosdepth.summary.txt:md5,32ea70ef1b99def3dc900b4afd513a40",
                "test.sorted.regions.bed.gz:md5,07bbc084a889f1cece4307fd00214a6e",
                "test.sorted.regions.bed.gz.csi:md5,c5d0be930ffc9e562f21519a0d488d5d",
                "test.sorted.cram.stats:md5,a15b3a5e59337db312d66020c7bb93ac"
            ],
            [

            ]
        ],
        "meta": {
            "nf-test": "0.9.0",
            "nextflow": "24.04.4"
        },
        "timestamp": "2024-11-09T16:15:20.865586"
    },
    "Run with profile test | --input tests/csv/3.0/mapped_single_bam.csv --step markduplicates --tools null ": {
        "content": [
            13,
            {
                "GATK4_APPLYBQSR": {
                    "gatk4": "4.5.0.0"
                },
                "GATK4_BASERECALIBRATOR": {
                    "gatk4": "4.5.0.0"
                },
                "GATK4_MARKDUPLICATES": {
                    "gatk4": "4.5.0.0",
                    "samtools": "1.19.2"
                },
                "INDEX_CRAM": {
                    "samtools": 1.21
                },
                "MOSDEPTH": {
                    "mosdepth": "0.3.8"
                },
                "SAMTOOLS_STATS": {
                    "samtools": 1.21
                },
                "Workflow": {
                    "nf-core/sarek": "v3.6.0dev"
                }
            },
            [
                "csv",
                "csv/markduplicates.csv",
                "csv/markduplicates_no_table.csv",
                "csv/recalibrated.csv",
                "multiqc",
                "multiqc/multiqc_data",
                "multiqc/multiqc_data/gatk-base-recalibrator-quality-scores-plot_Pre-recalibration_Count.txt",
                "multiqc/multiqc_data/gatk-base-recalibrator-quality-scores-plot_Pre-recalibration_Percent.txt",
                "multiqc/multiqc_data/gatk-base-recalibrator-reported-empirical-plot.txt",
                "multiqc/multiqc_data/gatk_base_recalibrator.txt",
                "multiqc/multiqc_data/mosdepth-coverage-per-contig-single.txt",
                "multiqc/multiqc_data/mosdepth-cumcoverage-dist-id.txt",
                "multiqc/multiqc_data/mosdepth_cov_dist.txt",
                "multiqc/multiqc_data/mosdepth_cumcov_dist.txt",
                "multiqc/multiqc_data/mosdepth_perchrom.txt",
                "multiqc/multiqc_data/multiqc.log",
                "multiqc/multiqc_data/multiqc_citations.txt",
                "multiqc/multiqc_data/multiqc_data.json",
                "multiqc/multiqc_data/multiqc_general_stats.txt",
                "multiqc/multiqc_data/multiqc_picard_dups.txt",
                "multiqc/multiqc_data/multiqc_samtools_stats.txt",
                "multiqc/multiqc_data/multiqc_software_versions.txt",
                "multiqc/multiqc_data/multiqc_sources.txt",
                "multiqc/multiqc_data/picard_deduplication.txt",
                "multiqc/multiqc_data/picard_histogram.txt",
                "multiqc/multiqc_data/picard_histogram_1.txt",
                "multiqc/multiqc_data/picard_histogram_2.txt",
                "multiqc/multiqc_data/samtools-stats-dp.txt",
                "multiqc/multiqc_data/samtools_alignment_plot.txt",
                "multiqc/multiqc_plots",
                "multiqc/multiqc_plots/pdf",
                "multiqc/multiqc_plots/pdf/gatk-base-recalibrator-quality-scores-plot_Pre-recalibration_Count.pdf",
                "multiqc/multiqc_plots/pdf/gatk-base-recalibrator-quality-scores-plot_Pre-recalibration_Percent.pdf",
                "multiqc/multiqc_plots/pdf/gatk-base-recalibrator-reported-empirical-plot.pdf",
                "multiqc/multiqc_plots/pdf/general_stats_table.pdf",
                "multiqc/multiqc_plots/pdf/mosdepth-coverage-per-contig-single-cnt.pdf",
                "multiqc/multiqc_plots/pdf/mosdepth-coverage-per-contig-single-pct.pdf",
                "multiqc/multiqc_plots/pdf/mosdepth-cumcoverage-dist-id.pdf",
                "multiqc/multiqc_plots/pdf/picard_deduplication-cnt.pdf",
                "multiqc/multiqc_plots/pdf/picard_deduplication-pct.pdf",
                "multiqc/multiqc_plots/pdf/samtools-stats-dp.pdf",
                "multiqc/multiqc_plots/pdf/samtools_alignment_plot-cnt.pdf",
                "multiqc/multiqc_plots/pdf/samtools_alignment_plot-pct.pdf",
                "multiqc/multiqc_plots/png",
                "multiqc/multiqc_plots/png/gatk-base-recalibrator-quality-scores-plot_Pre-recalibration_Count.png",
                "multiqc/multiqc_plots/png/gatk-base-recalibrator-quality-scores-plot_Pre-recalibration_Percent.png",
                "multiqc/multiqc_plots/png/gatk-base-recalibrator-reported-empirical-plot.png",
                "multiqc/multiqc_plots/png/general_stats_table.png",
                "multiqc/multiqc_plots/png/mosdepth-coverage-per-contig-single-cnt.png",
                "multiqc/multiqc_plots/png/mosdepth-coverage-per-contig-single-pct.png",
                "multiqc/multiqc_plots/png/mosdepth-cumcoverage-dist-id.png",
                "multiqc/multiqc_plots/png/picard_deduplication-cnt.png",
                "multiqc/multiqc_plots/png/picard_deduplication-pct.png",
                "multiqc/multiqc_plots/png/samtools-stats-dp.png",
                "multiqc/multiqc_plots/png/samtools_alignment_plot-cnt.png",
                "multiqc/multiqc_plots/png/samtools_alignment_plot-pct.png",
                "multiqc/multiqc_plots/svg",
                "multiqc/multiqc_plots/svg/gatk-base-recalibrator-quality-scores-plot_Pre-recalibration_Count.svg",
                "multiqc/multiqc_plots/svg/gatk-base-recalibrator-quality-scores-plot_Pre-recalibration_Percent.svg",
                "multiqc/multiqc_plots/svg/gatk-base-recalibrator-reported-empirical-plot.svg",
                "multiqc/multiqc_plots/svg/general_stats_table.svg",
                "multiqc/multiqc_plots/svg/mosdepth-coverage-per-contig-single-cnt.svg",
                "multiqc/multiqc_plots/svg/mosdepth-coverage-per-contig-single-pct.svg",
                "multiqc/multiqc_plots/svg/mosdepth-cumcoverage-dist-id.svg",
                "multiqc/multiqc_plots/svg/picard_deduplication-cnt.svg",
                "multiqc/multiqc_plots/svg/picard_deduplication-pct.svg",
                "multiqc/multiqc_plots/svg/samtools-stats-dp.svg",
                "multiqc/multiqc_plots/svg/samtools_alignment_plot-cnt.svg",
                "multiqc/multiqc_plots/svg/samtools_alignment_plot-pct.svg",
                "multiqc/multiqc_report.html",
                "pipeline_info",
                "pipeline_info/nf_core_sarek_software_mqc_versions.yml",
                "preprocessing",
                "preprocessing/markduplicates",
                "preprocessing/markduplicates/test",
                "preprocessing/markduplicates/test/test.md.cram",
                "preprocessing/markduplicates/test/test.md.cram.crai",
                "preprocessing/recal_table",
                "preprocessing/recal_table/test",
                "preprocessing/recal_table/test/test.recal.table",
                "preprocessing/recalibrated",
                "preprocessing/recalibrated/test",
                "preprocessing/recalibrated/test/test.recal.cram",
                "preprocessing/recalibrated/test/test.recal.cram.crai",
                "reference",
                "reports",
                "reports/markduplicates",
                "reports/markduplicates/test",
                "reports/markduplicates/test/test.md.cram.metrics",
                "reports/mosdepth",
                "reports/mosdepth/test",
                "reports/mosdepth/test/test.md.mosdepth.global.dist.txt",
                "reports/mosdepth/test/test.md.mosdepth.region.dist.txt",
                "reports/mosdepth/test/test.md.mosdepth.summary.txt",
                "reports/mosdepth/test/test.md.regions.bed.gz",
                "reports/mosdepth/test/test.md.regions.bed.gz.csi",
                "reports/mosdepth/test/test.recal.mosdepth.global.dist.txt",
                "reports/mosdepth/test/test.recal.mosdepth.region.dist.txt",
                "reports/mosdepth/test/test.recal.mosdepth.summary.txt",
                "reports/mosdepth/test/test.recal.regions.bed.gz",
                "reports/mosdepth/test/test.recal.regions.bed.gz.csi",
                "reports/samtools",
                "reports/samtools/test",
                "reports/samtools/test/test.md.cram.stats",
                "reports/samtools/test/test.recal.cram.stats"
            ],
            [
                "gatk-base-recalibrator-quality-scores-plot_Pre-recalibration_Count.txt:md5,902745b5a1915e5c1a25267b11bebbe7",
                "gatk-base-recalibrator-quality-scores-plot_Pre-recalibration_Percent.txt:md5,832ed176357d6a5b4e50c718f5e4a704",
                "mosdepth-coverage-per-contig-single.txt:md5,76d816c3f71faf2009c8a6f88092a2f3",
                "mosdepth-cumcoverage-dist-id.txt:md5,3af8f7d8ed7d1fdff6118e0098258192",
                "mosdepth_cov_dist.txt:md5,4a2236db76d75e45012f6d7c180c90d6",
                "mosdepth_cumcov_dist.txt:md5,4a2236db76d75e45012f6d7c180c90d6",
                "mosdepth_perchrom.txt:md5,76d816c3f71faf2009c8a6f88092a2f3",
                "multiqc_citations.txt:md5,7d0b4b866fa577272c48a1f3ad72e75d",
                "multiqc_samtools_stats.txt:md5,de9451d4736a410d09de58828761ea87",
                "picard_histogram.txt:md5,d41d8cd98f00b204e9800998ecf8427e",
                "picard_histogram_1.txt:md5,d41d8cd98f00b204e9800998ecf8427e",
                "picard_histogram_2.txt:md5,d41d8cd98f00b204e9800998ecf8427e",
                "samtools-stats-dp.txt:md5,2247da9fa269d826da3f33ba6fa66954",
                "samtools_alignment_plot.txt:md5,22572fcd0791878ed37ae2f48213cee2",
                "test.md.mosdepth.global.dist.txt:md5,8e875e20e3fb9cf288d68c1d223f6fd5",
                "test.md.mosdepth.region.dist.txt:md5,75e1ce7e55af51f4985fa91654a5ea2d",
                "test.md.mosdepth.summary.txt:md5,b23cf96942b2ada3f41172a9349a1175",
                "test.md.regions.bed.gz:md5,74cd0c779c7b3228adcf3b177333886a",
                "test.md.regions.bed.gz.csi:md5,080731cdedcd389e72135f048d6e2e00",
                "test.recal.mosdepth.global.dist.txt:md5,8e875e20e3fb9cf288d68c1d223f6fd5",
                "test.recal.mosdepth.region.dist.txt:md5,75e1ce7e55af51f4985fa91654a5ea2d",
                "test.recal.mosdepth.summary.txt:md5,b23cf96942b2ada3f41172a9349a1175",
                "test.recal.regions.bed.gz:md5,74cd0c779c7b3228adcf3b177333886a",
                "test.recal.regions.bed.gz.csi:md5,080731cdedcd389e72135f048d6e2e00",
                "test.md.cram.stats:md5,f181d98f08ad94c3926ac149a87d834b",
                "test.recal.cram.stats:md5,18346c938c7b1bfaf9ac9413fdba90d8"
            ],
            [
                [
                    "test.md.cram",
                    "2f11e4fe3390b8ad0a1852616fd1da04"
                ],
                [
                    "test.recal.cram",
                    "463ac3b905fbf4ddf113a94dbfa8d69f"
                ]
            ]
        ],
        "meta": {
            "nf-test": "0.9.0",
            "nextflow": "24.04.4"
        },
        "timestamp": "2024-11-09T16:12:33.604156"
    },
    "Run with profile test | --input tests/csv/3.0/mapped_single_cram.csv --step markduplicates --skip_tools markduplicates --tools null ": {
        "content": [
            12,
            {
                "GATK4_APPLYBQSR": {
                    "gatk4": "4.5.0.0"
                },
                "GATK4_BASERECALIBRATOR": {
                    "gatk4": "4.5.0.0"
                },
                "INDEX_CRAM": {
                    "samtools": 1.21
                },
                "MOSDEPTH": {
                    "mosdepth": "0.3.8"
                },
                "SAMTOOLS_STATS": {
                    "samtools": 1.21
                },
                "Workflow": {
                    "nf-core/sarek": "v3.6.0dev"
                }
            },
            [
                "csv",
                "csv/recalibrated.csv",
                "multiqc",
                "multiqc/multiqc_data",
                "multiqc/multiqc_data/gatk-base-recalibrator-quality-scores-plot_Pre-recalibration_Count.txt",
                "multiqc/multiqc_data/gatk-base-recalibrator-quality-scores-plot_Pre-recalibration_Percent.txt",
                "multiqc/multiqc_data/gatk-base-recalibrator-reported-empirical-plot.txt",
                "multiqc/multiqc_data/gatk_base_recalibrator.txt",
                "multiqc/multiqc_data/mosdepth-coverage-per-contig-single.txt",
                "multiqc/multiqc_data/mosdepth-cumcoverage-dist-id.txt",
                "multiqc/multiqc_data/mosdepth_cov_dist.txt",
                "multiqc/multiqc_data/mosdepth_cumcov_dist.txt",
                "multiqc/multiqc_data/mosdepth_perchrom.txt",
                "multiqc/multiqc_data/multiqc.log",
                "multiqc/multiqc_data/multiqc_citations.txt",
                "multiqc/multiqc_data/multiqc_data.json",
                "multiqc/multiqc_data/multiqc_general_stats.txt",
                "multiqc/multiqc_data/multiqc_samtools_stats.txt",
                "multiqc/multiqc_data/multiqc_software_versions.txt",
                "multiqc/multiqc_data/multiqc_sources.txt",
                "multiqc/multiqc_data/samtools-stats-dp.txt",
                "multiqc/multiqc_data/samtools_alignment_plot.txt",
                "multiqc/multiqc_plots",
                "multiqc/multiqc_plots/pdf",
                "multiqc/multiqc_plots/pdf/gatk-base-recalibrator-quality-scores-plot_Pre-recalibration_Count.pdf",
                "multiqc/multiqc_plots/pdf/gatk-base-recalibrator-quality-scores-plot_Pre-recalibration_Percent.pdf",
                "multiqc/multiqc_plots/pdf/gatk-base-recalibrator-reported-empirical-plot.pdf",
                "multiqc/multiqc_plots/pdf/general_stats_table.pdf",
                "multiqc/multiqc_plots/pdf/mosdepth-coverage-per-contig-single-cnt.pdf",
                "multiqc/multiqc_plots/pdf/mosdepth-coverage-per-contig-single-pct.pdf",
                "multiqc/multiqc_plots/pdf/mosdepth-cumcoverage-dist-id.pdf",
                "multiqc/multiqc_plots/pdf/samtools-stats-dp.pdf",
                "multiqc/multiqc_plots/pdf/samtools_alignment_plot-cnt.pdf",
                "multiqc/multiqc_plots/pdf/samtools_alignment_plot-pct.pdf",
                "multiqc/multiqc_plots/png",
                "multiqc/multiqc_plots/png/gatk-base-recalibrator-quality-scores-plot_Pre-recalibration_Count.png",
                "multiqc/multiqc_plots/png/gatk-base-recalibrator-quality-scores-plot_Pre-recalibration_Percent.png",
                "multiqc/multiqc_plots/png/gatk-base-recalibrator-reported-empirical-plot.png",
                "multiqc/multiqc_plots/png/general_stats_table.png",
                "multiqc/multiqc_plots/png/mosdepth-coverage-per-contig-single-cnt.png",
                "multiqc/multiqc_plots/png/mosdepth-coverage-per-contig-single-pct.png",
                "multiqc/multiqc_plots/png/mosdepth-cumcoverage-dist-id.png",
                "multiqc/multiqc_plots/png/samtools-stats-dp.png",
                "multiqc/multiqc_plots/png/samtools_alignment_plot-cnt.png",
                "multiqc/multiqc_plots/png/samtools_alignment_plot-pct.png",
                "multiqc/multiqc_plots/svg",
                "multiqc/multiqc_plots/svg/gatk-base-recalibrator-quality-scores-plot_Pre-recalibration_Count.svg",
                "multiqc/multiqc_plots/svg/gatk-base-recalibrator-quality-scores-plot_Pre-recalibration_Percent.svg",
                "multiqc/multiqc_plots/svg/gatk-base-recalibrator-reported-empirical-plot.svg",
                "multiqc/multiqc_plots/svg/general_stats_table.svg",
                "multiqc/multiqc_plots/svg/mosdepth-coverage-per-contig-single-cnt.svg",
                "multiqc/multiqc_plots/svg/mosdepth-coverage-per-contig-single-pct.svg",
                "multiqc/multiqc_plots/svg/mosdepth-cumcoverage-dist-id.svg",
                "multiqc/multiqc_plots/svg/samtools-stats-dp.svg",
                "multiqc/multiqc_plots/svg/samtools_alignment_plot-cnt.svg",
                "multiqc/multiqc_plots/svg/samtools_alignment_plot-pct.svg",
                "multiqc/multiqc_report.html",
                "pipeline_info",
                "pipeline_info/nf_core_sarek_software_mqc_versions.yml",
                "preprocessing",
                "preprocessing/recal_table",
                "preprocessing/recal_table/test",
                "preprocessing/recal_table/test/test.recal.table",
                "preprocessing/recalibrated",
                "preprocessing/recalibrated/test",
                "preprocessing/recalibrated/test/test.recal.cram",
                "preprocessing/recalibrated/test/test.recal.cram.crai",
                "reference",
                "reports",
                "reports/mosdepth",
                "reports/mosdepth/test",
                "reports/mosdepth/test/test.recal.mosdepth.global.dist.txt",
                "reports/mosdepth/test/test.recal.mosdepth.region.dist.txt",
                "reports/mosdepth/test/test.recal.mosdepth.summary.txt",
                "reports/mosdepth/test/test.recal.regions.bed.gz",
                "reports/mosdepth/test/test.recal.regions.bed.gz.csi",
                "reports/mosdepth/test/test.sorted.mosdepth.global.dist.txt",
                "reports/mosdepth/test/test.sorted.mosdepth.region.dist.txt",
                "reports/mosdepth/test/test.sorted.mosdepth.summary.txt",
                "reports/mosdepth/test/test.sorted.regions.bed.gz",
                "reports/mosdepth/test/test.sorted.regions.bed.gz.csi",
                "reports/samtools",
                "reports/samtools/test",
                "reports/samtools/test/test.recal.cram.stats",
                "reports/samtools/test/test.sorted.cram.stats"
            ],
            [
                "gatk-base-recalibrator-quality-scores-plot_Pre-recalibration_Count.txt:md5,d2650a5bec510d798e347f36a4d00e2d",
                "gatk-base-recalibrator-quality-scores-plot_Pre-recalibration_Percent.txt:md5,f2123f7ee3d060c1547efc6247a04e42",
                "mosdepth-coverage-per-contig-single.txt:md5,8b48f3336b063dcb1e086928b28a2cc6",
                "mosdepth-cumcoverage-dist-id.txt:md5,3148977f0c4684ba681ee298d677fe38",
                "mosdepth_cov_dist.txt:md5,9a531d5a5c05e568a1aeb2e738ac23c4",
                "mosdepth_cumcov_dist.txt:md5,9a531d5a5c05e568a1aeb2e738ac23c4",
                "mosdepth_perchrom.txt:md5,8b48f3336b063dcb1e086928b28a2cc6",
                "multiqc_citations.txt:md5,7d0b4b866fa577272c48a1f3ad72e75d",
                "multiqc_samtools_stats.txt:md5,7f5f43de35c194be7f5980b62eacfab7",
                "samtools-stats-dp.txt:md5,85c4ca7a3a6f2534d4d329937be49966",
                "samtools_alignment_plot.txt:md5,301dda049c8aa2f848c98c81f584c315",
                "test.recal.mosdepth.global.dist.txt:md5,bdb8f185c35dd1eec7ce2f69bce57972",
                "test.recal.mosdepth.region.dist.txt:md5,f1f1ad86fc280bced1888a5d7d25a3f2",
                "test.recal.mosdepth.summary.txt:md5,32ea70ef1b99def3dc900b4afd513a40",
                "test.recal.regions.bed.gz:md5,07bbc084a889f1cece4307fd00214a6e",
                "test.recal.regions.bed.gz.csi:md5,c5d0be930ffc9e562f21519a0d488d5d",
                "test.sorted.mosdepth.global.dist.txt:md5,bdb8f185c35dd1eec7ce2f69bce57972",
                "test.sorted.mosdepth.region.dist.txt:md5,f1f1ad86fc280bced1888a5d7d25a3f2",
                "test.sorted.mosdepth.summary.txt:md5,32ea70ef1b99def3dc900b4afd513a40",
                "test.sorted.regions.bed.gz:md5,07bbc084a889f1cece4307fd00214a6e",
                "test.sorted.regions.bed.gz.csi:md5,c5d0be930ffc9e562f21519a0d488d5d",
                "test.recal.cram.stats:md5,9f75ec16d22ce12c348cbd7477c9886e",
                "test.sorted.cram.stats:md5,308a4213cc2ea25cbdd6d58b562673a5"
            ],
            [
                [
                    "test.recal.cram",
                    "463ac3b905fbf4ddf113a94dbfa8d69f"
                ]
            ]
        ],
        "meta": {
            "nf-test": "0.9.0",
            "nextflow": "24.04.4"
        },
        "timestamp": "2024-11-09T16:23:55.741166"
    },
    "Run with profile test | --input tests/csv/3.0/mapped_single_cram.csv --step markduplicates --tools null ": {
        "content": [
            13,
            {
                "GATK4_APPLYBQSR": {
                    "gatk4": "4.5.0.0"
                },
                "GATK4_BASERECALIBRATOR": {
                    "gatk4": "4.5.0.0"
                },
                "GATK4_MARKDUPLICATES": {
                    "gatk4": "4.5.0.0",
                    "samtools": "1.19.2"
                },
                "INDEX_CRAM": {
                    "samtools": 1.21
                },
                "MOSDEPTH": {
                    "mosdepth": "0.3.8"
                },
                "SAMTOOLS_STATS": {
                    "samtools": 1.21
                },
                "Workflow": {
                    "nf-core/sarek": "v3.6.0dev"
                }
            },
            [
                "csv",
                "csv/markduplicates.csv",
                "csv/markduplicates_no_table.csv",
                "csv/recalibrated.csv",
                "multiqc",
                "multiqc/multiqc_data",
                "multiqc/multiqc_data/gatk-base-recalibrator-quality-scores-plot_Pre-recalibration_Count.txt",
                "multiqc/multiqc_data/gatk-base-recalibrator-quality-scores-plot_Pre-recalibration_Percent.txt",
                "multiqc/multiqc_data/gatk-base-recalibrator-reported-empirical-plot.txt",
                "multiqc/multiqc_data/gatk_base_recalibrator.txt",
                "multiqc/multiqc_data/mosdepth-coverage-per-contig-single.txt",
                "multiqc/multiqc_data/mosdepth-cumcoverage-dist-id.txt",
                "multiqc/multiqc_data/mosdepth_cov_dist.txt",
                "multiqc/multiqc_data/mosdepth_cumcov_dist.txt",
                "multiqc/multiqc_data/mosdepth_perchrom.txt",
                "multiqc/multiqc_data/multiqc.log",
                "multiqc/multiqc_data/multiqc_citations.txt",
                "multiqc/multiqc_data/multiqc_data.json",
                "multiqc/multiqc_data/multiqc_general_stats.txt",
                "multiqc/multiqc_data/multiqc_picard_dups.txt",
                "multiqc/multiqc_data/multiqc_samtools_stats.txt",
                "multiqc/multiqc_data/multiqc_software_versions.txt",
                "multiqc/multiqc_data/multiqc_sources.txt",
                "multiqc/multiqc_data/picard_deduplication.txt",
                "multiqc/multiqc_data/picard_histogram.txt",
                "multiqc/multiqc_data/picard_histogram_1.txt",
                "multiqc/multiqc_data/picard_histogram_2.txt",
                "multiqc/multiqc_data/samtools-stats-dp.txt",
                "multiqc/multiqc_data/samtools_alignment_plot.txt",
                "multiqc/multiqc_plots",
                "multiqc/multiqc_plots/pdf",
                "multiqc/multiqc_plots/pdf/gatk-base-recalibrator-quality-scores-plot_Pre-recalibration_Count.pdf",
                "multiqc/multiqc_plots/pdf/gatk-base-recalibrator-quality-scores-plot_Pre-recalibration_Percent.pdf",
                "multiqc/multiqc_plots/pdf/gatk-base-recalibrator-reported-empirical-plot.pdf",
                "multiqc/multiqc_plots/pdf/general_stats_table.pdf",
                "multiqc/multiqc_plots/pdf/mosdepth-coverage-per-contig-single-cnt.pdf",
                "multiqc/multiqc_plots/pdf/mosdepth-coverage-per-contig-single-pct.pdf",
                "multiqc/multiqc_plots/pdf/mosdepth-cumcoverage-dist-id.pdf",
                "multiqc/multiqc_plots/pdf/picard_deduplication-cnt.pdf",
                "multiqc/multiqc_plots/pdf/picard_deduplication-pct.pdf",
                "multiqc/multiqc_plots/pdf/samtools-stats-dp.pdf",
                "multiqc/multiqc_plots/pdf/samtools_alignment_plot-cnt.pdf",
                "multiqc/multiqc_plots/pdf/samtools_alignment_plot-pct.pdf",
                "multiqc/multiqc_plots/png",
                "multiqc/multiqc_plots/png/gatk-base-recalibrator-quality-scores-plot_Pre-recalibration_Count.png",
                "multiqc/multiqc_plots/png/gatk-base-recalibrator-quality-scores-plot_Pre-recalibration_Percent.png",
                "multiqc/multiqc_plots/png/gatk-base-recalibrator-reported-empirical-plot.png",
                "multiqc/multiqc_plots/png/general_stats_table.png",
                "multiqc/multiqc_plots/png/mosdepth-coverage-per-contig-single-cnt.png",
                "multiqc/multiqc_plots/png/mosdepth-coverage-per-contig-single-pct.png",
                "multiqc/multiqc_plots/png/mosdepth-cumcoverage-dist-id.png",
                "multiqc/multiqc_plots/png/picard_deduplication-cnt.png",
                "multiqc/multiqc_plots/png/picard_deduplication-pct.png",
                "multiqc/multiqc_plots/png/samtools-stats-dp.png",
                "multiqc/multiqc_plots/png/samtools_alignment_plot-cnt.png",
                "multiqc/multiqc_plots/png/samtools_alignment_plot-pct.png",
                "multiqc/multiqc_plots/svg",
                "multiqc/multiqc_plots/svg/gatk-base-recalibrator-quality-scores-plot_Pre-recalibration_Count.svg",
                "multiqc/multiqc_plots/svg/gatk-base-recalibrator-quality-scores-plot_Pre-recalibration_Percent.svg",
                "multiqc/multiqc_plots/svg/gatk-base-recalibrator-reported-empirical-plot.svg",
                "multiqc/multiqc_plots/svg/general_stats_table.svg",
                "multiqc/multiqc_plots/svg/mosdepth-coverage-per-contig-single-cnt.svg",
                "multiqc/multiqc_plots/svg/mosdepth-coverage-per-contig-single-pct.svg",
                "multiqc/multiqc_plots/svg/mosdepth-cumcoverage-dist-id.svg",
                "multiqc/multiqc_plots/svg/picard_deduplication-cnt.svg",
                "multiqc/multiqc_plots/svg/picard_deduplication-pct.svg",
                "multiqc/multiqc_plots/svg/samtools-stats-dp.svg",
                "multiqc/multiqc_plots/svg/samtools_alignment_plot-cnt.svg",
                "multiqc/multiqc_plots/svg/samtools_alignment_plot-pct.svg",
                "multiqc/multiqc_report.html",
                "pipeline_info",
                "pipeline_info/nf_core_sarek_software_mqc_versions.yml",
                "preprocessing",
                "preprocessing/markduplicates",
                "preprocessing/markduplicates/test",
                "preprocessing/markduplicates/test/test.md.cram",
                "preprocessing/markduplicates/test/test.md.cram.crai",
                "preprocessing/recal_table",
                "preprocessing/recal_table/test",
                "preprocessing/recal_table/test/test.recal.table",
                "preprocessing/recalibrated",
                "preprocessing/recalibrated/test",
                "preprocessing/recalibrated/test/test.recal.cram",
                "preprocessing/recalibrated/test/test.recal.cram.crai",
                "reference",
                "reports",
                "reports/markduplicates",
                "reports/markduplicates/test",
                "reports/markduplicates/test/test.md.cram.metrics",
                "reports/mosdepth",
                "reports/mosdepth/test",
                "reports/mosdepth/test/test.md.mosdepth.global.dist.txt",
                "reports/mosdepth/test/test.md.mosdepth.region.dist.txt",
                "reports/mosdepth/test/test.md.mosdepth.summary.txt",
                "reports/mosdepth/test/test.md.regions.bed.gz",
                "reports/mosdepth/test/test.md.regions.bed.gz.csi",
                "reports/mosdepth/test/test.recal.mosdepth.global.dist.txt",
                "reports/mosdepth/test/test.recal.mosdepth.region.dist.txt",
                "reports/mosdepth/test/test.recal.mosdepth.summary.txt",
                "reports/mosdepth/test/test.recal.regions.bed.gz",
                "reports/mosdepth/test/test.recal.regions.bed.gz.csi",
                "reports/samtools",
                "reports/samtools/test",
                "reports/samtools/test/test.md.cram.stats",
                "reports/samtools/test/test.recal.cram.stats"
            ],
            [
                "gatk-base-recalibrator-quality-scores-plot_Pre-recalibration_Count.txt:md5,902745b5a1915e5c1a25267b11bebbe7",
                "gatk-base-recalibrator-quality-scores-plot_Pre-recalibration_Percent.txt:md5,832ed176357d6a5b4e50c718f5e4a704",
                "mosdepth-coverage-per-contig-single.txt:md5,76d816c3f71faf2009c8a6f88092a2f3",
                "mosdepth-cumcoverage-dist-id.txt:md5,3af8f7d8ed7d1fdff6118e0098258192",
                "mosdepth_cov_dist.txt:md5,4a2236db76d75e45012f6d7c180c90d6",
                "mosdepth_cumcov_dist.txt:md5,4a2236db76d75e45012f6d7c180c90d6",
                "mosdepth_perchrom.txt:md5,76d816c3f71faf2009c8a6f88092a2f3",
                "multiqc_citations.txt:md5,7d0b4b866fa577272c48a1f3ad72e75d",
                "multiqc_samtools_stats.txt:md5,de9451d4736a410d09de58828761ea87",
                "picard_histogram.txt:md5,d41d8cd98f00b204e9800998ecf8427e",
                "picard_histogram_1.txt:md5,d41d8cd98f00b204e9800998ecf8427e",
                "picard_histogram_2.txt:md5,d41d8cd98f00b204e9800998ecf8427e",
                "samtools-stats-dp.txt:md5,2247da9fa269d826da3f33ba6fa66954",
                "samtools_alignment_plot.txt:md5,22572fcd0791878ed37ae2f48213cee2",
                "test.md.mosdepth.global.dist.txt:md5,8e875e20e3fb9cf288d68c1d223f6fd5",
                "test.md.mosdepth.region.dist.txt:md5,75e1ce7e55af51f4985fa91654a5ea2d",
                "test.md.mosdepth.summary.txt:md5,b23cf96942b2ada3f41172a9349a1175",
                "test.md.regions.bed.gz:md5,74cd0c779c7b3228adcf3b177333886a",
                "test.md.regions.bed.gz.csi:md5,080731cdedcd389e72135f048d6e2e00",
                "test.recal.mosdepth.global.dist.txt:md5,8e875e20e3fb9cf288d68c1d223f6fd5",
                "test.recal.mosdepth.region.dist.txt:md5,75e1ce7e55af51f4985fa91654a5ea2d",
                "test.recal.mosdepth.summary.txt:md5,b23cf96942b2ada3f41172a9349a1175",
                "test.recal.regions.bed.gz:md5,74cd0c779c7b3228adcf3b177333886a",
                "test.recal.regions.bed.gz.csi:md5,080731cdedcd389e72135f048d6e2e00",
                "test.md.cram.stats:md5,f181d98f08ad94c3926ac149a87d834b",
                "test.recal.cram.stats:md5,18346c938c7b1bfaf9ac9413fdba90d8"
            ],
            [
                [
                    "test.md.cram",
                    "2f11e4fe3390b8ad0a1852616fd1da04"
                ],
                [
                    "test.recal.cram",
                    "463ac3b905fbf4ddf113a94dbfa8d69f"
                ]
            ]
        ],
        "meta": {
            "nf-test": "0.9.0",
            "nextflow": "24.04.4"
        },
        "timestamp": "2024-11-09T16:18:25.238396"
    }
}
