{
    "-profile test --input tests/csv/3.0/fastq_umi.csv --umi_read_structure '+T 7M1S+T' --tools null": {
        "content": [
            34,
            {
                "BAM2FASTQ": {
                    "samtools": 1.21
                },
                "BWAMEM1_INDEX": {
                    "bwa": "0.7.18-r1243-dirty"
                },
                "BWAMEM1_MEM": {
                    "bwa": "0.7.18-r1243-dirty",
                    "samtools": 1.21
                },
                "CALLUMICONSENSUS": {
                    "fgbio": "2.4.0"
                },
                "CAT_FASTQ": {
                    "cat": 9.5
                },
                "COLLATE_FASTQ_MAP": {
                    "samtools": 1.21
                },
                "COLLATE_FASTQ_UNMAP": {
                    "samtools": 1.21
                },
                "CREATE_INTERVALS_BED": {
                    "gawk": "5.1.0"
                },
                "FASTQC": {
                    "fastqc": "0.12.1"
                },
                "FASTQTOBAM": {
                    "fgbio": "2.4.0"
                },
                "GATK4_APPLYBQSR": {
                    "gatk4": "4.6.1.0"
                },
                "GATK4_BASERECALIBRATOR": {
                    "gatk4": "4.6.1.0"
                },
                "GATK4_INTERVALLISTTOBED": {
                    "gatk4": "4.6.1.0"
                },
                "GATK4_MARKDUPLICATES": {
                    "gatk4": "4.6.1.0",
                    "samtools": 1.21
                },
                "GROUPREADSBYUMI": {
                    "fgbio": "2.4.0"
                },
                "INDEX_CRAM": {
                    "samtools": 1.21
                },
                "MOSDEPTH": {
                    "mosdepth": "0.3.10"
                },
                "SAMTOOLS_MERGE": {
                    "samtools": 1.21
                },
                "SAMTOOLS_MERGE_UNMAP": {
                    "samtools": 1.21
                },
                "SAMTOOLS_STATS": {
                    "samtools": 1.21
                },
                "SAMTOOLS_VIEW_MAP_MAP": {
                    "samtools": 1.21
                },
                "SAMTOOLS_VIEW_MAP_UNMAP": {
                    "samtools": 1.21
                },
                "SAMTOOLS_VIEW_UNMAP_MAP": {
                    "samtools": 1.21
                },
                "SAMTOOLS_VIEW_UNMAP_UNMAP": {
                    "samtools": 1.21
                },
                "TABIX_BGZIPTABIX_INTERVAL_COMBINED": {
                    "tabix": 1.21
                },
                "TABIX_BGZIPTABIX_INTERVAL_SPLIT": {
                    "tabix": 1.21
                }
            },
            [
                "csv",
                "csv/markduplicates.csv",
                "csv/markduplicates_no_table.csv",
                "csv/recalibrated.csv",
                "multiqc",
                "multiqc/multiqc_data",
                "multiqc/multiqc_data/fastqc-status-check-heatmap.txt",
                "multiqc/multiqc_data/fastqc_adapter_content_plot.txt",
                "multiqc/multiqc_data/fastqc_overrepresented_sequences_plot.txt",
                "multiqc/multiqc_data/fastqc_per_base_n_content_plot.txt",
                "multiqc/multiqc_data/fastqc_per_base_sequence_quality_plot.txt",
                "multiqc/multiqc_data/fastqc_per_sequence_gc_content_plot_Counts.txt",
                "multiqc/multiqc_data/fastqc_per_sequence_gc_content_plot_Percentages.txt",
                "multiqc/multiqc_data/fastqc_per_sequence_quality_scores_plot.txt",
                "multiqc/multiqc_data/fastqc_sequence_counts_plot.txt",
                "multiqc/multiqc_data/fastqc_sequence_duplication_levels_plot.txt",
                "multiqc/multiqc_data/fastqc_sequence_length_distribution_plot.txt",
                "multiqc/multiqc_data/fastqc_top_overrepresented_sequences_table.txt",
                "multiqc/multiqc_data/gatk-base-recalibrator-quality-scores-plot_Pre-recalibration_Count.txt",
                "multiqc/multiqc_data/gatk-base-recalibrator-quality-scores-plot_Pre-recalibration_Percent.txt",
                "multiqc/multiqc_data/gatk-base-recalibrator-reported-empirical-plot.txt",
                "multiqc/multiqc_data/gatk_base_recalibrator.txt",
                "multiqc/multiqc_data/mosdepth-coverage-per-contig-single.txt",
                "multiqc/multiqc_data/mosdepth-cumcoverage-dist-id.txt",
                "multiqc/multiqc_data/mosdepth_cov_dist.txt",
                "multiqc/multiqc_data/mosdepth_cumcov_dist.txt",
                "multiqc/multiqc_data/mosdepth_perchrom.txt",
                "multiqc/multiqc_data/multiqc.log",
                "multiqc/multiqc_data/multiqc_citations.txt",
                "multiqc/multiqc_data/multiqc_data.json",
                "multiqc/multiqc_data/multiqc_fastqc.txt",
                "multiqc/multiqc_data/multiqc_general_stats.txt",
                "multiqc/multiqc_data/multiqc_picard_dups.txt",
                "multiqc/multiqc_data/multiqc_samtools_stats.txt",
                "multiqc/multiqc_data/multiqc_software_versions.txt",
                "multiqc/multiqc_data/multiqc_sources.txt",
                "multiqc/multiqc_data/picard_MarkIlluminaAdapters_histogram.txt",
                "multiqc/multiqc_data/picard_MeanQualityByCycle_histogram.txt",
                "multiqc/multiqc_data/picard_QualityScoreDistribution_histogram.txt",
                "multiqc/multiqc_data/picard_deduplication.txt",
                "multiqc/multiqc_data/samtools-stats-dp.txt",
                "multiqc/multiqc_data/samtools_alignment_plot.txt",
                "multiqc/multiqc_plots",
                "multiqc/multiqc_plots/pdf",
                "multiqc/multiqc_plots/pdf/fastqc-status-check-heatmap.pdf",
                "multiqc/multiqc_plots/pdf/fastqc_adapter_content_plot.pdf",
                "multiqc/multiqc_plots/pdf/fastqc_overrepresented_sequences_plot.pdf",
                "multiqc/multiqc_plots/pdf/fastqc_per_base_n_content_plot.pdf",
                "multiqc/multiqc_plots/pdf/fastqc_per_base_sequence_quality_plot.pdf",
                "multiqc/multiqc_plots/pdf/fastqc_per_sequence_gc_content_plot_Counts.pdf",
                "multiqc/multiqc_plots/pdf/fastqc_per_sequence_gc_content_plot_Percentages.pdf",
                "multiqc/multiqc_plots/pdf/fastqc_per_sequence_quality_scores_plot.pdf",
                "multiqc/multiqc_plots/pdf/fastqc_sequence_counts_plot-cnt.pdf",
                "multiqc/multiqc_plots/pdf/fastqc_sequence_counts_plot-pct.pdf",
                "multiqc/multiqc_plots/pdf/fastqc_sequence_duplication_levels_plot.pdf",
                "multiqc/multiqc_plots/pdf/fastqc_sequence_length_distribution_plot.pdf",
                "multiqc/multiqc_plots/pdf/fastqc_top_overrepresented_sequences_table.pdf",
                "multiqc/multiqc_plots/pdf/gatk-base-recalibrator-quality-scores-plot_Pre-recalibration_Count.pdf",
                "multiqc/multiqc_plots/pdf/gatk-base-recalibrator-quality-scores-plot_Pre-recalibration_Percent.pdf",
                "multiqc/multiqc_plots/pdf/gatk-base-recalibrator-reported-empirical-plot.pdf",
                "multiqc/multiqc_plots/pdf/general_stats_table.pdf",
                "multiqc/multiqc_plots/pdf/mosdepth-coverage-per-contig-single-cnt.pdf",
                "multiqc/multiqc_plots/pdf/mosdepth-coverage-per-contig-single-pct.pdf",
                "multiqc/multiqc_plots/pdf/mosdepth-cumcoverage-dist-id.pdf",
                "multiqc/multiqc_plots/pdf/picard_deduplication-cnt.pdf",
                "multiqc/multiqc_plots/pdf/picard_deduplication-pct.pdf",
                "multiqc/multiqc_plots/pdf/samtools-stats-dp.pdf",
                "multiqc/multiqc_plots/pdf/samtools_alignment_plot-cnt.pdf",
                "multiqc/multiqc_plots/pdf/samtools_alignment_plot-pct.pdf",
                "multiqc/multiqc_plots/png",
                "multiqc/multiqc_plots/png/fastqc-status-check-heatmap.png",
                "multiqc/multiqc_plots/png/fastqc_adapter_content_plot.png",
                "multiqc/multiqc_plots/png/fastqc_overrepresented_sequences_plot.png",
                "multiqc/multiqc_plots/png/fastqc_per_base_n_content_plot.png",
                "multiqc/multiqc_plots/png/fastqc_per_base_sequence_quality_plot.png",
                "multiqc/multiqc_plots/png/fastqc_per_sequence_gc_content_plot_Counts.png",
                "multiqc/multiqc_plots/png/fastqc_per_sequence_gc_content_plot_Percentages.png",
                "multiqc/multiqc_plots/png/fastqc_per_sequence_quality_scores_plot.png",
                "multiqc/multiqc_plots/png/fastqc_sequence_counts_plot-cnt.png",
                "multiqc/multiqc_plots/png/fastqc_sequence_counts_plot-pct.png",
                "multiqc/multiqc_plots/png/fastqc_sequence_duplication_levels_plot.png",
                "multiqc/multiqc_plots/png/fastqc_sequence_length_distribution_plot.png",
                "multiqc/multiqc_plots/png/fastqc_top_overrepresented_sequences_table.png",
                "multiqc/multiqc_plots/png/gatk-base-recalibrator-quality-scores-plot_Pre-recalibration_Count.png",
                "multiqc/multiqc_plots/png/gatk-base-recalibrator-quality-scores-plot_Pre-recalibration_Percent.png",
                "multiqc/multiqc_plots/png/gatk-base-recalibrator-reported-empirical-plot.png",
                "multiqc/multiqc_plots/png/general_stats_table.png",
                "multiqc/multiqc_plots/png/mosdepth-coverage-per-contig-single-cnt.png",
                "multiqc/multiqc_plots/png/mosdepth-coverage-per-contig-single-pct.png",
                "multiqc/multiqc_plots/png/mosdepth-cumcoverage-dist-id.png",
                "multiqc/multiqc_plots/png/picard_deduplication-cnt.png",
                "multiqc/multiqc_plots/png/picard_deduplication-pct.png",
                "multiqc/multiqc_plots/png/samtools-stats-dp.png",
                "multiqc/multiqc_plots/png/samtools_alignment_plot-cnt.png",
                "multiqc/multiqc_plots/png/samtools_alignment_plot-pct.png",
                "multiqc/multiqc_plots/svg",
                "multiqc/multiqc_plots/svg/fastqc-status-check-heatmap.svg",
                "multiqc/multiqc_plots/svg/fastqc_adapter_content_plot.svg",
                "multiqc/multiqc_plots/svg/fastqc_overrepresented_sequences_plot.svg",
                "multiqc/multiqc_plots/svg/fastqc_per_base_n_content_plot.svg",
                "multiqc/multiqc_plots/svg/fastqc_per_base_sequence_quality_plot.svg",
                "multiqc/multiqc_plots/svg/fastqc_per_sequence_gc_content_plot_Counts.svg",
                "multiqc/multiqc_plots/svg/fastqc_per_sequence_gc_content_plot_Percentages.svg",
                "multiqc/multiqc_plots/svg/fastqc_per_sequence_quality_scores_plot.svg",
                "multiqc/multiqc_plots/svg/fastqc_sequence_counts_plot-cnt.svg",
                "multiqc/multiqc_plots/svg/fastqc_sequence_counts_plot-pct.svg",
                "multiqc/multiqc_plots/svg/fastqc_sequence_duplication_levels_plot.svg",
                "multiqc/multiqc_plots/svg/fastqc_sequence_length_distribution_plot.svg",
                "multiqc/multiqc_plots/svg/fastqc_top_overrepresented_sequences_table.svg",
                "multiqc/multiqc_plots/svg/gatk-base-recalibrator-quality-scores-plot_Pre-recalibration_Count.svg",
                "multiqc/multiqc_plots/svg/gatk-base-recalibrator-quality-scores-plot_Pre-recalibration_Percent.svg",
                "multiqc/multiqc_plots/svg/gatk-base-recalibrator-reported-empirical-plot.svg",
                "multiqc/multiqc_plots/svg/general_stats_table.svg",
                "multiqc/multiqc_plots/svg/mosdepth-coverage-per-contig-single-cnt.svg",
                "multiqc/multiqc_plots/svg/mosdepth-coverage-per-contig-single-pct.svg",
                "multiqc/multiqc_plots/svg/mosdepth-cumcoverage-dist-id.svg",
                "multiqc/multiqc_plots/svg/picard_deduplication-cnt.svg",
                "multiqc/multiqc_plots/svg/picard_deduplication-pct.svg",
                "multiqc/multiqc_plots/svg/samtools-stats-dp.svg",
                "multiqc/multiqc_plots/svg/samtools_alignment_plot-cnt.svg",
                "multiqc/multiqc_plots/svg/samtools_alignment_plot-pct.svg",
                "multiqc/multiqc_report.html",
                "pipeline_info",
                "pipeline_info/nf_core_sarek_software_mqc_versions.yml",
                "preprocessing",
                "preprocessing/markduplicates",
                "preprocessing/markduplicates/test",
                "preprocessing/markduplicates/test/test.md.cram",
                "preprocessing/markduplicates/test/test.md.cram.crai",
                "preprocessing/recal_table",
                "preprocessing/recal_table/test",
                "preprocessing/recal_table/test/test.recal.table",
                "preprocessing/recalibrated",
                "preprocessing/recalibrated/test",
                "preprocessing/recalibrated/test/test.recal.cram",
                "preprocessing/recalibrated/test/test.recal.cram.crai",
                "preprocessing/umi",
                "preprocessing/umi/test",
                "preprocessing/umi/test/test_umi-consensus.bam",
                "reference",
                "reports",
                "reports/fastqc",
                "reports/fastqc/test-test_L1",
                "reports/fastqc/test-test_L1/test-test_L1_1_fastqc.html",
                "reports/fastqc/test-test_L1/test-test_L1_1_fastqc.zip",
                "reports/fastqc/test-test_L1/test-test_L1_2_fastqc.html",
                "reports/fastqc/test-test_L1/test-test_L1_2_fastqc.zip",
                "reports/fastqc/test-test_L2",
                "reports/fastqc/test-test_L2/test-test_L2_1_fastqc.html",
                "reports/fastqc/test-test_L2/test-test_L2_1_fastqc.zip",
                "reports/fastqc/test-test_L2/test-test_L2_2_fastqc.html",
                "reports/fastqc/test-test_L2/test-test_L2_2_fastqc.zip",
                "reports/markduplicates",
                "reports/markduplicates/test",
                "reports/markduplicates/test/test.md.cram.metrics",
                "reports/mosdepth",
                "reports/mosdepth/test",
                "reports/mosdepth/test/test.md.mosdepth.global.dist.txt",
                "reports/mosdepth/test/test.md.mosdepth.region.dist.txt",
                "reports/mosdepth/test/test.md.mosdepth.summary.txt",
                "reports/mosdepth/test/test.md.regions.bed.gz",
                "reports/mosdepth/test/test.md.regions.bed.gz.csi",
                "reports/mosdepth/test/test.recal.mosdepth.global.dist.txt",
                "reports/mosdepth/test/test.recal.mosdepth.region.dist.txt",
                "reports/mosdepth/test/test.recal.mosdepth.summary.txt",
                "reports/mosdepth/test/test.recal.regions.bed.gz",
                "reports/mosdepth/test/test.recal.regions.bed.gz.csi",
                "reports/samtools",
                "reports/samtools/test",
                "reports/samtools/test/test.md.cram.stats",
                "reports/samtools/test/test.recal.cram.stats",
                "reports/umi",
                "reports/umi/test_umi-grouped_histogram.txt"
            ],
            [
                "fastqc-status-check-heatmap.txt:md5,55845a742bfbc492a326af8f06aa85d1",
                "fastqc_adapter_content_plot.txt:md5,2d9a33a6398dbb9f06f4f0c110f813c3",
                "fastqc_overrepresented_sequences_plot.txt:md5,d41d2f7490fb4a78330e8099e9dc43c2",
                "fastqc_per_base_n_content_plot.txt:md5,0593fca5d2eaf87dda3aa034a3585e37",
                "fastqc_per_base_sequence_quality_plot.txt:md5,0e4c41c979cd6b71ab309283ddc97190",
                "fastqc_per_sequence_gc_content_plot_Counts.txt:md5,bcff12b8d80aaf19c01b3747ffcc37f7",
                "fastqc_per_sequence_gc_content_plot_Percentages.txt:md5,06a6fd642f6095abf463996cde4f63e4",
                "fastqc_per_sequence_quality_scores_plot.txt:md5,ddcb918ec10f0c173fe55bb8a6ad934e",
                "fastqc_sequence_counts_plot.txt:md5,3cab621a36d9c55d05beabb1b84335d3",
                "fastqc_sequence_duplication_levels_plot.txt:md5,aa183e39d55f1859df088437058ce989",
                "fastqc_sequence_length_distribution_plot.txt:md5,be46be229f415ea0c5b6e2c51ba8b776",
                "mosdepth-coverage-per-contig-single.txt:md5,21fa3bf15a94529010467ad8652d55b0",
                "mosdepth-cumcoverage-dist-id.txt:md5,4903433891bc54d99ae9f25952e22246",
                "mosdepth_perchrom.txt:md5,21fa3bf15a94529010467ad8652d55b0",
                "multiqc_citations.txt:md5,7d0b4b866fa577272c48a1f3ad72e75d",
                "multiqc_fastqc.txt:md5,b572bd7c557e5a13ba174373a1b9891c",
                "picard_MarkIlluminaAdapters_histogram.txt:md5,d41d8cd98f00b204e9800998ecf8427e",
                "picard_MeanQualityByCycle_histogram.txt:md5,d41d8cd98f00b204e9800998ecf8427e",
                "picard_QualityScoreDistribution_histogram.txt:md5,d41d8cd98f00b204e9800998ecf8427e",
                "samtools-stats-dp.txt:md5,b9f0a85b2c48372bf7fc39a16383c04b",
                "samtools_alignment_plot.txt:md5,161658cbe3bfbc6e378ece991cbf26e6",
                "test.md.mosdepth.global.dist.txt:md5,c08a963d3047cf86abf51ed5fd8518aa",
                "test.md.mosdepth.region.dist.txt:md5,223a8358e1e1d83fb40aeaa682716de1",
                "test.md.mosdepth.summary.txt:md5,bdb1a2b843d5c3c4c1d7b2f9bd6f0390",
                "test.md.regions.bed.gz:md5,4dadd48738a887f91c95a291fcdacf1b",
                "test.md.regions.bed.gz.csi:md5,db6f77bcdbb7ada7e0c93e5b987b8265",
                "test.recal.mosdepth.global.dist.txt:md5,c08a963d3047cf86abf51ed5fd8518aa",
                "test.recal.mosdepth.region.dist.txt:md5,223a8358e1e1d83fb40aeaa682716de1",
                "test.recal.mosdepth.summary.txt:md5,bdb1a2b843d5c3c4c1d7b2f9bd6f0390",
                "test.recal.regions.bed.gz:md5,4dadd48738a887f91c95a291fcdacf1b",
                "test.recal.regions.bed.gz.csi:md5,db6f77bcdbb7ada7e0c93e5b987b8265",
                "test_umi-grouped_histogram.txt:md5,47440eca0cc1e70be22fe2a2ce81dfbf"
            ],
            [
                "test_umi-consensus.bam:md5,122d60b069b76a217b6fe91d1765dae3"
            ],
            [
                "test.md.cram:md5,450f711661b0222e8496ea3140fe7fff",
                "test.recal.cram:md5,97d797238f8fdd505b19dfd1f4af86cc"
            ],
            "No VCF files"
        ],
        "meta": {
            "nf-test": "0.9.2",
            "nextflow": "25.04.6"
        },
        "timestamp": "2025-07-22T14:29:43.261892584"
    }
}