{
    "-profile test --input tests/csv/3.0/fastq_umi.csv --umi_length 7 --umi_location read2 --umi_base_skip 1 --tools null": {
        "content": [
            18,
            {
                "BWAMEM1_INDEX": {
                    "bwa": "0.7.18-r1243-dirty"
                },
                "BWAMEM1_MEM": {
                    "bwa": "0.7.18-r1243-dirty",
                    "samtools": 1.21
                },
                "CREATE_INTERVALS_BED": {
                    "gawk": "5.3.0"
                },
                "FASTP": {
                    "fastp": "0.24.0"
                },
                "FASTQC": {
                    "fastqc": "0.12.1"
                },
                "FGBIO_COPYUMIFROMREADNAME": {
                    "fgbio": "2.4.0"
                },
                "GATK4_APPLYBQSR": {
                    "gatk4": "4.6.1.0"
                },
                "GATK4_BASERECALIBRATOR": {
                    "gatk4": "4.6.1.0"
                },
                "GATK4_INTERVALLISTTOBED": {
                    "gatk4": "4.6.1.0"
                },
                "GATK4_MARKDUPLICATES": {
                    "gatk4": "4.6.1.0",
                    "samtools": 1.21
                },
                "INDEX_CRAM": {
                    "samtools": 1.21
                },
                "MOSDEPTH": {
                    "mosdepth": "0.3.10"
                },
                "SAMTOOLS_STATS": {
                    "samtools": 1.21
                },
                "TABIX_BGZIPTABIX_INTERVAL_COMBINED": {
                    "tabix": 1.21
                },
                "TABIX_BGZIPTABIX_INTERVAL_SPLIT": {
                    "tabix": 1.21
                }
            },
            [
                "csv",
                "csv/markduplicates.csv",
                "csv/markduplicates_no_table.csv",
                "csv/recalibrated.csv",
                "multiqc",
                "multiqc/multiqc_data",
                "multiqc/multiqc_data/BETA-multiqc.parquet",
                "multiqc/multiqc_data/fastp-insert-size-plot.txt",
                "multiqc/multiqc_data/fastp-seq-content-gc-plot_Read_1_After_filtering.txt",
                "multiqc/multiqc_data/fastp-seq-content-gc-plot_Read_1_Before_filtering.txt",
                "multiqc/multiqc_data/fastp-seq-content-gc-plot_Read_2_After_filtering.txt",
                "multiqc/multiqc_data/fastp-seq-content-gc-plot_Read_2_Before_filtering.txt",
                "multiqc/multiqc_data/fastp-seq-content-n-plot_Read_1_After_filtering.txt",
                "multiqc/multiqc_data/fastp-seq-content-n-plot_Read_1_Before_filtering.txt",
                "multiqc/multiqc_data/fastp-seq-content-n-plot_Read_2_After_filtering.txt",
                "multiqc/multiqc_data/fastp-seq-content-n-plot_Read_2_Before_filtering.txt",
                "multiqc/multiqc_data/fastp-seq-quality-plot_Read_1_After_filtering.txt",
                "multiqc/multiqc_data/fastp-seq-quality-plot_Read_1_Before_filtering.txt",
                "multiqc/multiqc_data/fastp-seq-quality-plot_Read_2_After_filtering.txt",
                "multiqc/multiqc_data/fastp-seq-quality-plot_Read_2_Before_filtering.txt",
                "multiqc/multiqc_data/fastp_filtered_reads_plot.txt",
                "multiqc/multiqc_data/fastqc-status-check-heatmap.txt",
                "multiqc/multiqc_data/fastqc_adapter_content_plot.txt",
                "multiqc/multiqc_data/fastqc_overrepresented_sequences_plot.txt",
                "multiqc/multiqc_data/fastqc_per_base_n_content_plot.txt",
                "multiqc/multiqc_data/fastqc_per_base_sequence_quality_plot.txt",
                "multiqc/multiqc_data/fastqc_per_sequence_gc_content_plot_Counts.txt",
                "multiqc/multiqc_data/fastqc_per_sequence_gc_content_plot_Percentages.txt",
                "multiqc/multiqc_data/fastqc_per_sequence_quality_scores_plot.txt",
                "multiqc/multiqc_data/fastqc_sequence_counts_plot.txt",
                "multiqc/multiqc_data/fastqc_sequence_duplication_levels_plot.txt",
                "multiqc/multiqc_data/fastqc_sequence_length_distribution_plot.txt",
                "multiqc/multiqc_data/fastqc_top_overrepresented_sequences_table.txt",
                "multiqc/multiqc_data/gatk-base-recalibrator-quality-scores-plot_Pre-recalibration_Count.txt",
                "multiqc/multiqc_data/gatk-base-recalibrator-quality-scores-plot_Pre-recalibration_Percent.txt",
                "multiqc/multiqc_data/gatk-base-recalibrator-reported-empirical-plot.txt",
                "multiqc/multiqc_data/gatk_base_recalibrator.txt",
                "multiqc/multiqc_data/llms-full.txt",
                "multiqc/multiqc_data/mosdepth-coverage-per-contig-single.txt",
                "multiqc/multiqc_data/mosdepth-cumcoverage-dist-id.txt",
                "multiqc/multiqc_data/mosdepth_cov_dist.txt",
                "multiqc/multiqc_data/mosdepth_cumcov_dist.txt",
                "multiqc/multiqc_data/mosdepth_perchrom.txt",
                "multiqc/multiqc_data/multiqc.log",
                "multiqc/multiqc_data/multiqc_citations.txt",
                "multiqc/multiqc_data/multiqc_data.json",
                "multiqc/multiqc_data/multiqc_fastp.txt",
                "multiqc/multiqc_data/multiqc_fastqc.txt",
                "multiqc/multiqc_data/multiqc_general_stats.txt",
                "multiqc/multiqc_data/multiqc_picard_dups.txt",
                "multiqc/multiqc_data/multiqc_samtools_stats.txt",
                "multiqc/multiqc_data/multiqc_software_versions.txt",
                "multiqc/multiqc_data/multiqc_sources.txt",
                "multiqc/multiqc_data/picard_MarkIlluminaAdapters_histogram.txt",
                "multiqc/multiqc_data/picard_MeanQualityByCycle_histogram.txt",
                "multiqc/multiqc_data/picard_QualityScoreDistribution_histogram.txt",
                "multiqc/multiqc_data/picard_deduplication.txt",
                "multiqc/multiqc_data/samtools-stats-dp.txt",
                "multiqc/multiqc_data/samtools_alignment_plot.txt",
                "multiqc/multiqc_plots",
                "multiqc/multiqc_plots/pdf",
                "multiqc/multiqc_plots/pdf/fastp-insert-size-plot.pdf",
                "multiqc/multiqc_plots/pdf/fastp-seq-content-gc-plot_Read_1_After_filtering.pdf",
                "multiqc/multiqc_plots/pdf/fastp-seq-content-gc-plot_Read_1_Before_filtering.pdf",
                "multiqc/multiqc_plots/pdf/fastp-seq-content-gc-plot_Read_2_After_filtering.pdf",
                "multiqc/multiqc_plots/pdf/fastp-seq-content-gc-plot_Read_2_Before_filtering.pdf",
                "multiqc/multiqc_plots/pdf/fastp-seq-content-n-plot_Read_1_After_filtering.pdf",
                "multiqc/multiqc_plots/pdf/fastp-seq-content-n-plot_Read_1_Before_filtering.pdf",
                "multiqc/multiqc_plots/pdf/fastp-seq-content-n-plot_Read_2_After_filtering.pdf",
                "multiqc/multiqc_plots/pdf/fastp-seq-content-n-plot_Read_2_Before_filtering.pdf",
                "multiqc/multiqc_plots/pdf/fastp-seq-quality-plot_Read_1_After_filtering.pdf",
                "multiqc/multiqc_plots/pdf/fastp-seq-quality-plot_Read_1_Before_filtering.pdf",
                "multiqc/multiqc_plots/pdf/fastp-seq-quality-plot_Read_2_After_filtering.pdf",
                "multiqc/multiqc_plots/pdf/fastp-seq-quality-plot_Read_2_Before_filtering.pdf",
                "multiqc/multiqc_plots/pdf/fastp_filtered_reads_plot-cnt.pdf",
                "multiqc/multiqc_plots/pdf/fastp_filtered_reads_plot-pct.pdf",
                "multiqc/multiqc_plots/pdf/fastqc-status-check-heatmap.pdf",
                "multiqc/multiqc_plots/pdf/fastqc_adapter_content_plot.pdf",
                "multiqc/multiqc_plots/pdf/fastqc_overrepresented_sequences_plot.pdf",
                "multiqc/multiqc_plots/pdf/fastqc_per_base_n_content_plot.pdf",
                "multiqc/multiqc_plots/pdf/fastqc_per_base_sequence_quality_plot.pdf",
                "multiqc/multiqc_plots/pdf/fastqc_per_sequence_gc_content_plot_Counts.pdf",
                "multiqc/multiqc_plots/pdf/fastqc_per_sequence_gc_content_plot_Percentages.pdf",
                "multiqc/multiqc_plots/pdf/fastqc_per_sequence_quality_scores_plot.pdf",
                "multiqc/multiqc_plots/pdf/fastqc_sequence_counts_plot-cnt.pdf",
                "multiqc/multiqc_plots/pdf/fastqc_sequence_counts_plot-pct.pdf",
                "multiqc/multiqc_plots/pdf/fastqc_sequence_duplication_levels_plot.pdf",
                "multiqc/multiqc_plots/pdf/fastqc_sequence_length_distribution_plot.pdf",
                "multiqc/multiqc_plots/pdf/fastqc_top_overrepresented_sequences_table.pdf",
                "multiqc/multiqc_plots/pdf/gatk-base-recalibrator-quality-scores-plot_Pre-recalibration_Count.pdf",
                "multiqc/multiqc_plots/pdf/gatk-base-recalibrator-quality-scores-plot_Pre-recalibration_Percent.pdf",
                "multiqc/multiqc_plots/pdf/gatk-base-recalibrator-reported-empirical-plot.pdf",
                "multiqc/multiqc_plots/pdf/mosdepth-coverage-per-contig-single-cnt.pdf",
                "multiqc/multiqc_plots/pdf/mosdepth-coverage-per-contig-single-pct.pdf",
                "multiqc/multiqc_plots/pdf/mosdepth-cumcoverage-dist-id.pdf",
                "multiqc/multiqc_plots/pdf/picard_deduplication-cnt.pdf",
                "multiqc/multiqc_plots/pdf/picard_deduplication-pct.pdf",
                "multiqc/multiqc_plots/pdf/samtools-stats-dp.pdf",
                "multiqc/multiqc_plots/pdf/samtools_alignment_plot-cnt.pdf",
                "multiqc/multiqc_plots/pdf/samtools_alignment_plot-pct.pdf",
                "multiqc/multiqc_plots/png",
                "multiqc/multiqc_plots/png/fastp-insert-size-plot.png",
                "multiqc/multiqc_plots/png/fastp-seq-content-gc-plot_Read_1_After_filtering.png",
                "multiqc/multiqc_plots/png/fastp-seq-content-gc-plot_Read_1_Before_filtering.png",
                "multiqc/multiqc_plots/png/fastp-seq-content-gc-plot_Read_2_After_filtering.png",
                "multiqc/multiqc_plots/png/fastp-seq-content-gc-plot_Read_2_Before_filtering.png",
                "multiqc/multiqc_plots/png/fastp-seq-content-n-plot_Read_1_After_filtering.png",
                "multiqc/multiqc_plots/png/fastp-seq-content-n-plot_Read_1_Before_filtering.png",
                "multiqc/multiqc_plots/png/fastp-seq-content-n-plot_Read_2_After_filtering.png",
                "multiqc/multiqc_plots/png/fastp-seq-content-n-plot_Read_2_Before_filtering.png",
                "multiqc/multiqc_plots/png/fastp-seq-quality-plot_Read_1_After_filtering.png",
                "multiqc/multiqc_plots/png/fastp-seq-quality-plot_Read_1_Before_filtering.png",
                "multiqc/multiqc_plots/png/fastp-seq-quality-plot_Read_2_After_filtering.png",
                "multiqc/multiqc_plots/png/fastp-seq-quality-plot_Read_2_Before_filtering.png",
                "multiqc/multiqc_plots/png/fastp_filtered_reads_plot-cnt.png",
                "multiqc/multiqc_plots/png/fastp_filtered_reads_plot-pct.png",
                "multiqc/multiqc_plots/png/fastqc-status-check-heatmap.png",
                "multiqc/multiqc_plots/png/fastqc_adapter_content_plot.png",
                "multiqc/multiqc_plots/png/fastqc_overrepresented_sequences_plot.png",
                "multiqc/multiqc_plots/png/fastqc_per_base_n_content_plot.png",
                "multiqc/multiqc_plots/png/fastqc_per_base_sequence_quality_plot.png",
                "multiqc/multiqc_plots/png/fastqc_per_sequence_gc_content_plot_Counts.png",
                "multiqc/multiqc_plots/png/fastqc_per_sequence_gc_content_plot_Percentages.png",
                "multiqc/multiqc_plots/png/fastqc_per_sequence_quality_scores_plot.png",
                "multiqc/multiqc_plots/png/fastqc_sequence_counts_plot-cnt.png",
                "multiqc/multiqc_plots/png/fastqc_sequence_counts_plot-pct.png",
                "multiqc/multiqc_plots/png/fastqc_sequence_duplication_levels_plot.png",
                "multiqc/multiqc_plots/png/fastqc_sequence_length_distribution_plot.png",
                "multiqc/multiqc_plots/png/fastqc_top_overrepresented_sequences_table.png",
                "multiqc/multiqc_plots/png/gatk-base-recalibrator-quality-scores-plot_Pre-recalibration_Count.png",
                "multiqc/multiqc_plots/png/gatk-base-recalibrator-quality-scores-plot_Pre-recalibration_Percent.png",
                "multiqc/multiqc_plots/png/gatk-base-recalibrator-reported-empirical-plot.png",
                "multiqc/multiqc_plots/png/mosdepth-coverage-per-contig-single-cnt.png",
                "multiqc/multiqc_plots/png/mosdepth-coverage-per-contig-single-pct.png",
                "multiqc/multiqc_plots/png/mosdepth-cumcoverage-dist-id.png",
                "multiqc/multiqc_plots/png/picard_deduplication-cnt.png",
                "multiqc/multiqc_plots/png/picard_deduplication-pct.png",
                "multiqc/multiqc_plots/png/samtools-stats-dp.png",
                "multiqc/multiqc_plots/png/samtools_alignment_plot-cnt.png",
                "multiqc/multiqc_plots/png/samtools_alignment_plot-pct.png",
                "multiqc/multiqc_plots/svg",
                "multiqc/multiqc_plots/svg/fastp-insert-size-plot.svg",
                "multiqc/multiqc_plots/svg/fastp-seq-content-gc-plot_Read_1_After_filtering.svg",
                "multiqc/multiqc_plots/svg/fastp-seq-content-gc-plot_Read_1_Before_filtering.svg",
                "multiqc/multiqc_plots/svg/fastp-seq-content-gc-plot_Read_2_After_filtering.svg",
                "multiqc/multiqc_plots/svg/fastp-seq-content-gc-plot_Read_2_Before_filtering.svg",
                "multiqc/multiqc_plots/svg/fastp-seq-content-n-plot_Read_1_After_filtering.svg",
                "multiqc/multiqc_plots/svg/fastp-seq-content-n-plot_Read_1_Before_filtering.svg",
                "multiqc/multiqc_plots/svg/fastp-seq-content-n-plot_Read_2_After_filtering.svg",
                "multiqc/multiqc_plots/svg/fastp-seq-content-n-plot_Read_2_Before_filtering.svg",
                "multiqc/multiqc_plots/svg/fastp-seq-quality-plot_Read_1_After_filtering.svg",
                "multiqc/multiqc_plots/svg/fastp-seq-quality-plot_Read_1_Before_filtering.svg",
                "multiqc/multiqc_plots/svg/fastp-seq-quality-plot_Read_2_After_filtering.svg",
                "multiqc/multiqc_plots/svg/fastp-seq-quality-plot_Read_2_Before_filtering.svg",
                "multiqc/multiqc_plots/svg/fastp_filtered_reads_plot-cnt.svg",
                "multiqc/multiqc_plots/svg/fastp_filtered_reads_plot-pct.svg",
                "multiqc/multiqc_plots/svg/fastqc-status-check-heatmap.svg",
                "multiqc/multiqc_plots/svg/fastqc_adapter_content_plot.svg",
                "multiqc/multiqc_plots/svg/fastqc_overrepresented_sequences_plot.svg",
                "multiqc/multiqc_plots/svg/fastqc_per_base_n_content_plot.svg",
                "multiqc/multiqc_plots/svg/fastqc_per_base_sequence_quality_plot.svg",
                "multiqc/multiqc_plots/svg/fastqc_per_sequence_gc_content_plot_Counts.svg",
                "multiqc/multiqc_plots/svg/fastqc_per_sequence_gc_content_plot_Percentages.svg",
                "multiqc/multiqc_plots/svg/fastqc_per_sequence_quality_scores_plot.svg",
                "multiqc/multiqc_plots/svg/fastqc_sequence_counts_plot-cnt.svg",
                "multiqc/multiqc_plots/svg/fastqc_sequence_counts_plot-pct.svg",
                "multiqc/multiqc_plots/svg/fastqc_sequence_duplication_levels_plot.svg",
                "multiqc/multiqc_plots/svg/fastqc_sequence_length_distribution_plot.svg",
                "multiqc/multiqc_plots/svg/fastqc_top_overrepresented_sequences_table.svg",
                "multiqc/multiqc_plots/svg/gatk-base-recalibrator-quality-scores-plot_Pre-recalibration_Count.svg",
                "multiqc/multiqc_plots/svg/gatk-base-recalibrator-quality-scores-plot_Pre-recalibration_Percent.svg",
                "multiqc/multiqc_plots/svg/gatk-base-recalibrator-reported-empirical-plot.svg",
                "multiqc/multiqc_plots/svg/mosdepth-coverage-per-contig-single-cnt.svg",
                "multiqc/multiqc_plots/svg/mosdepth-coverage-per-contig-single-pct.svg",
                "multiqc/multiqc_plots/svg/mosdepth-cumcoverage-dist-id.svg",
                "multiqc/multiqc_plots/svg/picard_deduplication-cnt.svg",
                "multiqc/multiqc_plots/svg/picard_deduplication-pct.svg",
                "multiqc/multiqc_plots/svg/samtools-stats-dp.svg",
                "multiqc/multiqc_plots/svg/samtools_alignment_plot-cnt.svg",
                "multiqc/multiqc_plots/svg/samtools_alignment_plot-pct.svg",
                "multiqc/multiqc_report.html",
                "pipeline_info",
                "pipeline_info/nf_core_sarek_software_mqc_versions.yml",
                "preprocessing",
                "preprocessing/markduplicates",
                "preprocessing/markduplicates/test",
                "preprocessing/markduplicates/test/test.md.cram",
                "preprocessing/markduplicates/test/test.md.cram.crai",
                "preprocessing/recal_table",
                "preprocessing/recal_table/test",
                "preprocessing/recal_table/test/test.recal.table",
                "preprocessing/recalibrated",
                "preprocessing/recalibrated/test",
                "preprocessing/recalibrated/test/test.recal.cram",
                "preprocessing/recalibrated/test/test.recal.cram.crai",
                "reference",
                "reports",
                "reports/fastp",
                "reports/fastp/test",
                "reports/fastp/test/test-test_L1.fastp.html",
                "reports/fastp/test/test-test_L1.fastp.json",
                "reports/fastp/test/test-test_L1.fastp.log",
                "reports/fastqc",
                "reports/fastqc/test-test_L1",
                "reports/fastqc/test-test_L1/test-test_L1_1_fastqc.html",
                "reports/fastqc/test-test_L1/test-test_L1_1_fastqc.zip",
                "reports/fastqc/test-test_L1/test-test_L1_2_fastqc.html",
                "reports/fastqc/test-test_L1/test-test_L1_2_fastqc.zip",
                "reports/markduplicates",
                "reports/markduplicates/test",
                "reports/markduplicates/test/test.md.cram.metrics",
                "reports/mosdepth",
                "reports/mosdepth/test",
                "reports/mosdepth/test/test.md.mosdepth.global.dist.txt",
                "reports/mosdepth/test/test.md.mosdepth.region.dist.txt",
                "reports/mosdepth/test/test.md.mosdepth.summary.txt",
                "reports/mosdepth/test/test.md.regions.bed.gz",
                "reports/mosdepth/test/test.md.regions.bed.gz.csi",
                "reports/mosdepth/test/test.recal.mosdepth.global.dist.txt",
                "reports/mosdepth/test/test.recal.mosdepth.region.dist.txt",
                "reports/mosdepth/test/test.recal.mosdepth.summary.txt",
                "reports/mosdepth/test/test.recal.regions.bed.gz",
                "reports/mosdepth/test/test.recal.regions.bed.gz.csi",
                "reports/samtools",
                "reports/samtools/test",
                "reports/samtools/test/test.md.cram.stats",
                "reports/samtools/test/test.recal.cram.stats"
            ],
            [
                "fastp-insert-size-plot.txt:md5,a31a6d72c93d26449f973f48288d230f",
                "fastp-seq-content-gc-plot_Read_1_After_filtering.txt:md5,f547f8ef1c002e492f4d03c481018484",
                "fastp-seq-content-gc-plot_Read_1_Before_filtering.txt:md5,1122fe435b23d57590c05b345101b016",
                "fastp-seq-content-gc-plot_Read_2_After_filtering.txt:md5,d2df4ebba4bf30e4d5e868cdd365ed7c",
                "fastp-seq-content-gc-plot_Read_2_Before_filtering.txt:md5,ef89eeb5e4986749ee7e239a5b8626db",
                "fastp-seq-content-n-plot_Read_1_After_filtering.txt:md5,b3fd803823ccc521ae42582c03e781bc",
                "fastp-seq-content-n-plot_Read_1_Before_filtering.txt:md5,6ebe51b46d79a69ac4e06600fbf358cb",
                "fastp-seq-content-n-plot_Read_2_After_filtering.txt:md5,67ea1452f4a48533bee308fd63223663",
                "fastp-seq-content-n-plot_Read_2_Before_filtering.txt:md5,a86d6296f572da9d31b8f588dc95e501",
                "fastp-seq-quality-plot_Read_1_After_filtering.txt:md5,3a8a9ded8ba4783bfd4dbc386fc043e9",
                "fastp-seq-quality-plot_Read_1_Before_filtering.txt:md5,897622b2900d1afc9564d7caf0d94ef9",
                "fastp-seq-quality-plot_Read_2_After_filtering.txt:md5,ddba628c779352500766d8c6a5613907",
                "fastp-seq-quality-plot_Read_2_Before_filtering.txt:md5,ac86d6c0a9300fc9fd785e22cc22f705",
                "fastp_filtered_reads_plot.txt:md5,32d24a0b0a2040651fab375645eb6260",
                "fastqc-status-check-heatmap.txt:md5,92fcedba625d8394492d1ef6e2eb64f0",
                "fastqc_adapter_content_plot.txt:md5,2a569bfd358aced71c1abf9f6c98e077",
                "fastqc_overrepresented_sequences_plot.txt:md5,df45a06e934f25d5c81b8de3af859955",
                "fastqc_per_base_n_content_plot.txt:md5,9beb9c220bb0314bd5365912584958c5",
                "fastqc_per_base_sequence_quality_plot.txt:md5,69ca0488c8687d38e5db551c49fd9dce",
                "fastqc_per_sequence_gc_content_plot_Counts.txt:md5,823b5a69dfbae061cd2eabba777cdbbf",
                "fastqc_per_sequence_gc_content_plot_Percentages.txt:md5,c01f53f345f1ed4e621f2ad5309786c6",
                "fastqc_per_sequence_quality_scores_plot.txt:md5,74de77d7e26e0a7d84ffcadcc82958d5",
                "fastqc_sequence_counts_plot.txt:md5,1a4aab87f1bd4fd9f69cabef40f5e5ed",
                "fastqc_sequence_duplication_levels_plot.txt:md5,72e6366160d000a2990b2bbd321300a7",
                "fastqc_sequence_length_distribution_plot.txt:md5,7c07faf0c0b90613cdc82a9f09bc1f19",
                "mosdepth-coverage-per-contig-single.txt:md5,45bca136491a7675ebba87def2534f26",
                "mosdepth-cumcoverage-dist-id.txt:md5,5e049e05573f1afd0bb893f2cb4076c6",
                "mosdepth_perchrom.txt:md5,45bca136491a7675ebba87def2534f26",
                "multiqc_citations.txt:md5,0e2971e7a873c92592112775fa99fb02",
                "multiqc_fastp.txt:md5,8e11d751e997877e4ffc487c52756f62",
                "multiqc_fastqc.txt:md5,0ca2cba4204d9076a1eb17596379d10c",
                "picard_MarkIlluminaAdapters_histogram.txt:md5,d41d8cd98f00b204e9800998ecf8427e",
                "picard_MeanQualityByCycle_histogram.txt:md5,d41d8cd98f00b204e9800998ecf8427e",
                "picard_QualityScoreDistribution_histogram.txt:md5,d41d8cd98f00b204e9800998ecf8427e",
                "samtools-stats-dp.txt:md5,a6f11f838a72299e4913a54dd327f2e6",
                "samtools_alignment_plot.txt:md5,111d8b457e8c34dc919a527f12f27d4a",
                "test-test_L1.fastp.json:md5,d9107ec414e44408d0698b167cc445f9",
                "test.md.mosdepth.global.dist.txt:md5,40bf266b2080717f92b405cb42fab4a7",
                "test.md.mosdepth.region.dist.txt:md5,94b080042f51f484fa178339cc9324bc",
                "test.md.mosdepth.summary.txt:md5,7958c5422bb4b5181afe9782e38a735a",
                "test.md.regions.bed.gz:md5,fe11b3aedde07e4e17114b5b37cdb3b8",
                "test.md.regions.bed.gz.csi:md5,0dc011f3344841dc14aa488da905e917",
                "test.recal.mosdepth.global.dist.txt:md5,40bf266b2080717f92b405cb42fab4a7",
                "test.recal.mosdepth.region.dist.txt:md5,94b080042f51f484fa178339cc9324bc",
                "test.recal.mosdepth.summary.txt:md5,7958c5422bb4b5181afe9782e38a735a",
                "test.recal.regions.bed.gz:md5,fe11b3aedde07e4e17114b5b37cdb3b8",
                "test.recal.regions.bed.gz.csi:md5,0dc011f3344841dc14aa488da905e917"
            ],
            "No BAM files",
            [
                "test.md.cram:md5,dc339a125287041fa36a4cdda432ec8c",
                "test.recal.cram:md5,dc339a125287041fa36a4cdda432ec8c"
            ],
            "No VCF files"
        ],
        "meta": {
            "nf-test": "0.9.2",
            "nextflow": "25.04.6"
        },
        "timestamp": "2025-08-15T15:21:46.201227943"
    },
    "-profile test --input tests/csv/3.0/fastq_umi.csv --umi_read_structure '+T 7M1S+T' --tools null": {
        "content": [
            9,
            {
                "BWAMEM1_INDEX": {
                    "bwa": "0.7.18-r1243-dirty"
                },
                "BWAMEM1_MEM": {
                    "bwa": "0.7.18-r1243-dirty",
                    "samtools": 1.21
                },
                "CREATE_INTERVALS_BED": {
                    "gawk": "5.3.0"
                },
                "FASTP": {
                    "fastp": "0.24.0"
                },
                "FASTQC": {
                    "fastqc": "0.12.1"
                },
                "GATK4_INTERVALLISTTOBED": {
                    "gatk4": "4.6.1.0"
                },
                "TABIX_BGZIPTABIX_INTERVAL_COMBINED": {
                    "tabix": 1.21
                },
                "TABIX_BGZIPTABIX_INTERVAL_SPLIT": {
                    "tabix": 1.21
                }
            },
            [
                "csv",
                "multiqc",
                "multiqc/multiqc_data",
                "multiqc/multiqc_data/BETA-multiqc.parquet",
                "multiqc/multiqc_data/fastp-insert-size-plot.txt",
                "multiqc/multiqc_data/fastp-seq-content-gc-plot_Read_1_After_filtering.txt",
                "multiqc/multiqc_data/fastp-seq-content-gc-plot_Read_1_Before_filtering.txt",
                "multiqc/multiqc_data/fastp-seq-content-gc-plot_Read_2_After_filtering.txt",
                "multiqc/multiqc_data/fastp-seq-content-gc-plot_Read_2_Before_filtering.txt",
                "multiqc/multiqc_data/fastp-seq-content-n-plot_Read_1_After_filtering.txt",
                "multiqc/multiqc_data/fastp-seq-content-n-plot_Read_1_Before_filtering.txt",
                "multiqc/multiqc_data/fastp-seq-content-n-plot_Read_2_After_filtering.txt",
                "multiqc/multiqc_data/fastp-seq-content-n-plot_Read_2_Before_filtering.txt",
                "multiqc/multiqc_data/fastp-seq-quality-plot_Read_1_After_filtering.txt",
                "multiqc/multiqc_data/fastp-seq-quality-plot_Read_1_Before_filtering.txt",
                "multiqc/multiqc_data/fastp-seq-quality-plot_Read_2_After_filtering.txt",
                "multiqc/multiqc_data/fastp-seq-quality-plot_Read_2_Before_filtering.txt",
                "multiqc/multiqc_data/fastp_filtered_reads_plot.txt",
                "multiqc/multiqc_data/fastqc-status-check-heatmap.txt",
                "multiqc/multiqc_data/fastqc_adapter_content_plot.txt",
                "multiqc/multiqc_data/fastqc_overrepresented_sequences_plot.txt",
                "multiqc/multiqc_data/fastqc_per_base_n_content_plot.txt",
                "multiqc/multiqc_data/fastqc_per_base_sequence_quality_plot.txt",
                "multiqc/multiqc_data/fastqc_per_sequence_gc_content_plot_Counts.txt",
                "multiqc/multiqc_data/fastqc_per_sequence_gc_content_plot_Percentages.txt",
                "multiqc/multiqc_data/fastqc_per_sequence_quality_scores_plot.txt",
                "multiqc/multiqc_data/fastqc_sequence_counts_plot.txt",
                "multiqc/multiqc_data/fastqc_sequence_duplication_levels_plot.txt",
                "multiqc/multiqc_data/fastqc_sequence_length_distribution_plot.txt",
                "multiqc/multiqc_data/fastqc_top_overrepresented_sequences_table.txt",
                "multiqc/multiqc_data/llms-full.txt",
                "multiqc/multiqc_data/multiqc.log",
                "multiqc/multiqc_data/multiqc_citations.txt",
                "multiqc/multiqc_data/multiqc_data.json",
                "multiqc/multiqc_data/multiqc_fastp.txt",
                "multiqc/multiqc_data/multiqc_fastqc.txt",
                "multiqc/multiqc_data/multiqc_general_stats.txt",
                "multiqc/multiqc_data/multiqc_software_versions.txt",
                "multiqc/multiqc_data/multiqc_sources.txt",
                "multiqc/multiqc_plots",
                "multiqc/multiqc_plots/pdf",
                "multiqc/multiqc_plots/pdf/fastp-insert-size-plot.pdf",
                "multiqc/multiqc_plots/pdf/fastp-seq-content-gc-plot_Read_1_After_filtering.pdf",
                "multiqc/multiqc_plots/pdf/fastp-seq-content-gc-plot_Read_1_Before_filtering.pdf",
                "multiqc/multiqc_plots/pdf/fastp-seq-content-gc-plot_Read_2_After_filtering.pdf",
                "multiqc/multiqc_plots/pdf/fastp-seq-content-gc-plot_Read_2_Before_filtering.pdf",
                "multiqc/multiqc_plots/pdf/fastp-seq-content-n-plot_Read_1_After_filtering.pdf",
                "multiqc/multiqc_plots/pdf/fastp-seq-content-n-plot_Read_1_Before_filtering.pdf",
                "multiqc/multiqc_plots/pdf/fastp-seq-content-n-plot_Read_2_After_filtering.pdf",
                "multiqc/multiqc_plots/pdf/fastp-seq-content-n-plot_Read_2_Before_filtering.pdf",
                "multiqc/multiqc_plots/pdf/fastp-seq-quality-plot_Read_1_After_filtering.pdf",
                "multiqc/multiqc_plots/pdf/fastp-seq-quality-plot_Read_1_Before_filtering.pdf",
                "multiqc/multiqc_plots/pdf/fastp-seq-quality-plot_Read_2_After_filtering.pdf",
                "multiqc/multiqc_plots/pdf/fastp-seq-quality-plot_Read_2_Before_filtering.pdf",
                "multiqc/multiqc_plots/pdf/fastp_filtered_reads_plot-cnt.pdf",
                "multiqc/multiqc_plots/pdf/fastp_filtered_reads_plot-pct.pdf",
                "multiqc/multiqc_plots/pdf/fastqc-status-check-heatmap.pdf",
                "multiqc/multiqc_plots/pdf/fastqc_adapter_content_plot.pdf",
                "multiqc/multiqc_plots/pdf/fastqc_overrepresented_sequences_plot.pdf",
                "multiqc/multiqc_plots/pdf/fastqc_per_base_n_content_plot.pdf",
                "multiqc/multiqc_plots/pdf/fastqc_per_base_sequence_quality_plot.pdf",
                "multiqc/multiqc_plots/pdf/fastqc_per_sequence_gc_content_plot_Counts.pdf",
                "multiqc/multiqc_plots/pdf/fastqc_per_sequence_gc_content_plot_Percentages.pdf",
                "multiqc/multiqc_plots/pdf/fastqc_per_sequence_quality_scores_plot.pdf",
                "multiqc/multiqc_plots/pdf/fastqc_sequence_counts_plot-cnt.pdf",
                "multiqc/multiqc_plots/pdf/fastqc_sequence_counts_plot-pct.pdf",
                "multiqc/multiqc_plots/pdf/fastqc_sequence_duplication_levels_plot.pdf",
                "multiqc/multiqc_plots/pdf/fastqc_sequence_length_distribution_plot.pdf",
                "multiqc/multiqc_plots/pdf/fastqc_top_overrepresented_sequences_table.pdf",
                "multiqc/multiqc_plots/png",
                "multiqc/multiqc_plots/png/fastp-insert-size-plot.png",
                "multiqc/multiqc_plots/png/fastp-seq-content-gc-plot_Read_1_After_filtering.png",
                "multiqc/multiqc_plots/png/fastp-seq-content-gc-plot_Read_1_Before_filtering.png",
                "multiqc/multiqc_plots/png/fastp-seq-content-gc-plot_Read_2_After_filtering.png",
                "multiqc/multiqc_plots/png/fastp-seq-content-gc-plot_Read_2_Before_filtering.png",
                "multiqc/multiqc_plots/png/fastp-seq-content-n-plot_Read_1_After_filtering.png",
                "multiqc/multiqc_plots/png/fastp-seq-content-n-plot_Read_1_Before_filtering.png",
                "multiqc/multiqc_plots/png/fastp-seq-content-n-plot_Read_2_After_filtering.png",
                "multiqc/multiqc_plots/png/fastp-seq-content-n-plot_Read_2_Before_filtering.png",
                "multiqc/multiqc_plots/png/fastp-seq-quality-plot_Read_1_After_filtering.png",
                "multiqc/multiqc_plots/png/fastp-seq-quality-plot_Read_1_Before_filtering.png",
                "multiqc/multiqc_plots/png/fastp-seq-quality-plot_Read_2_After_filtering.png",
                "multiqc/multiqc_plots/png/fastp-seq-quality-plot_Read_2_Before_filtering.png",
                "multiqc/multiqc_plots/png/fastp_filtered_reads_plot-cnt.png",
                "multiqc/multiqc_plots/png/fastp_filtered_reads_plot-pct.png",
                "multiqc/multiqc_plots/png/fastqc-status-check-heatmap.png",
                "multiqc/multiqc_plots/png/fastqc_adapter_content_plot.png",
                "multiqc/multiqc_plots/png/fastqc_overrepresented_sequences_plot.png",
                "multiqc/multiqc_plots/png/fastqc_per_base_n_content_plot.png",
                "multiqc/multiqc_plots/png/fastqc_per_base_sequence_quality_plot.png",
                "multiqc/multiqc_plots/png/fastqc_per_sequence_gc_content_plot_Counts.png",
                "multiqc/multiqc_plots/png/fastqc_per_sequence_gc_content_plot_Percentages.png",
                "multiqc/multiqc_plots/png/fastqc_per_sequence_quality_scores_plot.png",
                "multiqc/multiqc_plots/png/fastqc_sequence_counts_plot-cnt.png",
                "multiqc/multiqc_plots/png/fastqc_sequence_counts_plot-pct.png",
                "multiqc/multiqc_plots/png/fastqc_sequence_duplication_levels_plot.png",
                "multiqc/multiqc_plots/png/fastqc_sequence_length_distribution_plot.png",
                "multiqc/multiqc_plots/png/fastqc_top_overrepresented_sequences_table.png",
                "multiqc/multiqc_plots/svg",
                "multiqc/multiqc_plots/svg/fastp-insert-size-plot.svg",
                "multiqc/multiqc_plots/svg/fastp-seq-content-gc-plot_Read_1_After_filtering.svg",
                "multiqc/multiqc_plots/svg/fastp-seq-content-gc-plot_Read_1_Before_filtering.svg",
                "multiqc/multiqc_plots/svg/fastp-seq-content-gc-plot_Read_2_After_filtering.svg",
                "multiqc/multiqc_plots/svg/fastp-seq-content-gc-plot_Read_2_Before_filtering.svg",
                "multiqc/multiqc_plots/svg/fastp-seq-content-n-plot_Read_1_After_filtering.svg",
                "multiqc/multiqc_plots/svg/fastp-seq-content-n-plot_Read_1_Before_filtering.svg",
                "multiqc/multiqc_plots/svg/fastp-seq-content-n-plot_Read_2_After_filtering.svg",
                "multiqc/multiqc_plots/svg/fastp-seq-content-n-plot_Read_2_Before_filtering.svg",
                "multiqc/multiqc_plots/svg/fastp-seq-quality-plot_Read_1_After_filtering.svg",
                "multiqc/multiqc_plots/svg/fastp-seq-quality-plot_Read_1_Before_filtering.svg",
                "multiqc/multiqc_plots/svg/fastp-seq-quality-plot_Read_2_After_filtering.svg",
                "multiqc/multiqc_plots/svg/fastp-seq-quality-plot_Read_2_Before_filtering.svg",
                "multiqc/multiqc_plots/svg/fastp_filtered_reads_plot-cnt.svg",
                "multiqc/multiqc_plots/svg/fastp_filtered_reads_plot-pct.svg",
                "multiqc/multiqc_plots/svg/fastqc-status-check-heatmap.svg",
                "multiqc/multiqc_plots/svg/fastqc_adapter_content_plot.svg",
                "multiqc/multiqc_plots/svg/fastqc_overrepresented_sequences_plot.svg",
                "multiqc/multiqc_plots/svg/fastqc_per_base_n_content_plot.svg",
                "multiqc/multiqc_plots/svg/fastqc_per_base_sequence_quality_plot.svg",
                "multiqc/multiqc_plots/svg/fastqc_per_sequence_gc_content_plot_Counts.svg",
                "multiqc/multiqc_plots/svg/fastqc_per_sequence_gc_content_plot_Percentages.svg",
                "multiqc/multiqc_plots/svg/fastqc_per_sequence_quality_scores_plot.svg",
                "multiqc/multiqc_plots/svg/fastqc_sequence_counts_plot-cnt.svg",
                "multiqc/multiqc_plots/svg/fastqc_sequence_counts_plot-pct.svg",
                "multiqc/multiqc_plots/svg/fastqc_sequence_duplication_levels_plot.svg",
                "multiqc/multiqc_plots/svg/fastqc_sequence_length_distribution_plot.svg",
                "multiqc/multiqc_plots/svg/fastqc_top_overrepresented_sequences_table.svg",
                "multiqc/multiqc_report.html",
                "pipeline_info",
                "pipeline_info/nf_core_sarek_software_mqc_versions.yml",
                "preprocessing",
                "reference",
                "reports",
                "reports/fastp",
                "reports/fastp/test",
                "reports/fastp/test/test-test_L1.fastp.html",
                "reports/fastp/test/test-test_L1.fastp.json",
                "reports/fastp/test/test-test_L1.fastp.log",
                "reports/fastqc",
                "reports/fastqc/test-test_L1",
                "reports/fastqc/test-test_L1/test-test_L1_1_fastqc.html",
                "reports/fastqc/test-test_L1/test-test_L1_1_fastqc.zip",
                "reports/fastqc/test-test_L1/test-test_L1_2_fastqc.html",
                "reports/fastqc/test-test_L1/test-test_L1_2_fastqc.zip"
            ],
            [
                "fastp-insert-size-plot.txt:md5,a31a6d72c93d26449f973f48288d230f",
                "fastp-seq-content-gc-plot_Read_1_After_filtering.txt:md5,f547f8ef1c002e492f4d03c481018484",
                "fastp-seq-content-gc-plot_Read_1_Before_filtering.txt:md5,1122fe435b23d57590c05b345101b016",
                "fastp-seq-content-gc-plot_Read_2_After_filtering.txt:md5,d2df4ebba4bf30e4d5e868cdd365ed7c",
                "fastp-seq-content-gc-plot_Read_2_Before_filtering.txt:md5,ef89eeb5e4986749ee7e239a5b8626db",
                "fastp-seq-content-n-plot_Read_1_After_filtering.txt:md5,b3fd803823ccc521ae42582c03e781bc",
                "fastp-seq-content-n-plot_Read_1_Before_filtering.txt:md5,6ebe51b46d79a69ac4e06600fbf358cb",
                "fastp-seq-content-n-plot_Read_2_After_filtering.txt:md5,67ea1452f4a48533bee308fd63223663",
                "fastp-seq-content-n-plot_Read_2_Before_filtering.txt:md5,a86d6296f572da9d31b8f588dc95e501",
                "fastp-seq-quality-plot_Read_1_After_filtering.txt:md5,3a8a9ded8ba4783bfd4dbc386fc043e9",
                "fastp-seq-quality-plot_Read_1_Before_filtering.txt:md5,897622b2900d1afc9564d7caf0d94ef9",
                "fastp-seq-quality-plot_Read_2_After_filtering.txt:md5,ddba628c779352500766d8c6a5613907",
                "fastp-seq-quality-plot_Read_2_Before_filtering.txt:md5,ac86d6c0a9300fc9fd785e22cc22f705",
                "fastp_filtered_reads_plot.txt:md5,32d24a0b0a2040651fab375645eb6260",
                "fastqc-status-check-heatmap.txt:md5,92fcedba625d8394492d1ef6e2eb64f0",
                "fastqc_adapter_content_plot.txt:md5,2a569bfd358aced71c1abf9f6c98e077",
                "fastqc_overrepresented_sequences_plot.txt:md5,df45a06e934f25d5c81b8de3af859955",
                "fastqc_per_base_n_content_plot.txt:md5,9beb9c220bb0314bd5365912584958c5",
                "fastqc_per_base_sequence_quality_plot.txt:md5,69ca0488c8687d38e5db551c49fd9dce",
                "fastqc_per_sequence_gc_content_plot_Counts.txt:md5,823b5a69dfbae061cd2eabba777cdbbf",
                "fastqc_per_sequence_gc_content_plot_Percentages.txt:md5,c01f53f345f1ed4e621f2ad5309786c6",
                "fastqc_per_sequence_quality_scores_plot.txt:md5,74de77d7e26e0a7d84ffcadcc82958d5",
                "fastqc_sequence_counts_plot.txt:md5,1a4aab87f1bd4fd9f69cabef40f5e5ed",
                "fastqc_sequence_duplication_levels_plot.txt:md5,72e6366160d000a2990b2bbd321300a7",
                "fastqc_sequence_length_distribution_plot.txt:md5,7c07faf0c0b90613cdc82a9f09bc1f19",
                "multiqc_citations.txt:md5,d35df50e9903a96a2b3bce3c1fbc8ad2",
                "multiqc_fastp.txt:md5,8e11d751e997877e4ffc487c52756f62",
                "multiqc_fastqc.txt:md5,0ca2cba4204d9076a1eb17596379d10c",
                "test-test_L1.fastp.json:md5,d9107ec414e44408d0698b167cc445f9"
            ],
            "No BAM files",
            "No CRAM files",
            "No VCF files"
        ],
        "meta": {
            "nf-test": "0.9.2",
            "nextflow": "25.04.6"
        },
        "timestamp": "2025-08-08T14:24:22.92261991"
    }
}