{
    "stub": {
        "content": [
            {
                "0": [
                    [
                        {
                            "id": "test",
                            "single_end": false
                        },
                        "test.bam:md5,d41d8cd98f00b204e9800998ecf8427e"
                    ]
                ],
                "1": [
                    "versions.yml:md5,8a70467f2dfc2e0d8e81787223d2fc77"
                ],
                "bam": [
                    [
                        {
                            "id": "test",
                            "single_end": false
                        },
                        "test.bam:md5,d41d8cd98f00b204e9800998ecf8427e"
                    ]
                ],
                "versions": [
                    "versions.yml:md5,8a70467f2dfc2e0d8e81787223d2fc77"
                ]
            }
        ],
        "meta": {
            "nf-test": "0.8.4",
            "nextflow": "23.10.1"
        },
        "timestamp": "2024-02-26T14:04:42.510824"
    },
    "homo_sapiens-test_paired_end_umi_unsorted_bam": {
        "content": [
            "e21efac7a4734b9b16f7210901cf02af",
            "c1b74864f32583faf7d9bcd82217ff4c",
            [
                "versions.yml:md5,8a70467f2dfc2e0d8e81787223d2fc77"
            ]
        ],
        "meta": {
            "nf-test": "0.8.4",
            "nextflow": "24.04.3"
        },
        "timestamp": "2024-07-29T20:15:04.264504"
    }
}