{
    "cram": {
        "content": [
            {
                "0": [
                    [
                        {
                            "id": "test",
                            "single_end": false
                        },
                        "test.stats:md5,a27fe55e49a341f92379bb20a65c6a06"
                    ]
                ],
                "1": [
                    "versions.yml:md5,15b91d8c0e0440332e0fe4df80957043"
                ],
                "stats": [
                    [
                        {
                            "id": "test",
                            "single_end": false
                        },
                        "test.stats:md5,a27fe55e49a341f92379bb20a65c6a06"
                    ]
                ],
                "versions": [
                    "versions.yml:md5,15b91d8c0e0440332e0fe4df80957043"
                ]
            }
        ],
        "meta": {
            "nf-test": "0.9.0",
            "nextflow": "24.04.4"
        },
        "timestamp": "2024-09-16T09:29:16.767396182"
    },
    "bam - stub": {
        "content": [
            {
                "0": [
                    [
                        {
                            "id": "test",
                            "single_end": false
                        },
                        "test.stats:md5,d41d8cd98f00b204e9800998ecf8427e"
                    ]
                ],
                "1": [
                    "versions.yml:md5,15b91d8c0e0440332e0fe4df80957043"
                ],
                "stats": [
                    [
                        {
                            "id": "test",
                            "single_end": false
                        },
                        "test.stats:md5,d41d8cd98f00b204e9800998ecf8427e"
                    ]
                ],
                "versions": [
                    "versions.yml:md5,15b91d8c0e0440332e0fe4df80957043"
                ]
            }
        ],
        "meta": {
            "nf-test": "0.9.0",
            "nextflow": "24.04.4"
        },
        "timestamp": "2024-09-16T09:29:29.721580274"
    },
    "cram - stub": {
        "content": [
            {
                "0": [
                    [
                        {
                            "id": "test",
                            "single_end": false
                        },
                        "test.stats:md5,d41d8cd98f00b204e9800998ecf8427e"
                    ]
                ],
                "1": [
                    "versions.yml:md5,15b91d8c0e0440332e0fe4df80957043"
                ],
                "stats": [
                    [
                        {
                            "id": "test",
                            "single_end": false
                        },
                        "test.stats:md5,d41d8cd98f00b204e9800998ecf8427e"
                    ]
                ],
                "versions": [
                    "versions.yml:md5,15b91d8c0e0440332e0fe4df80957043"
                ]
            }
        ],
        "meta": {
            "nf-test": "0.9.0",
            "nextflow": "24.04.4"
        },
        "timestamp": "2024-09-16T09:29:53.567964304"
    },
    "bam": {
        "content": [
            {
                "0": [
                    [
                        {
                            "id": "test",
                            "single_end": false
                        },
                        "test.stats:md5,d53a2584376d78942839e9933a34d11b"
                    ]
                ],
                "1": [
                    "versions.yml:md5,15b91d8c0e0440332e0fe4df80957043"
                ],
                "stats": [
                    [
                        {
                            "id": "test",
                            "single_end": false
                        },
                        "test.stats:md5,d53a2584376d78942839e9933a34d11b"
                    ]
                ],
                "versions": [
                    "versions.yml:md5,15b91d8c0e0440332e0fe4df80957043"
                ]
            }
        ],
        "meta": {
            "nf-test": "0.9.0",
            "nextflow": "24.04.4"
        },
        "timestamp": "2024-09-16T09:28:50.73610604"
    }
}