{
    "sarscov2 - fasta - stub": {
        "content": [
            "dragmap",
            "versions.yml"
        ],
        "timestamp": "2023-11-22T13:42:22.53412378"
    },
    "sarscov2 - fasta": {
        "content": [
            "dragmap",
            "versions.yml"
        ],
        "timestamp": "2023-11-22T12:53:25.493202451"
    }
}