{
    "crams_cram": {
        "content": [
            "test.cram"
        ],
        "meta": {
            "nf-test": "0.8.4",
            "nextflow": "23.04.3"
        },
        "timestamp": "2024-02-12T18:50:00.647389"
    },
    "bams_stub_cram": {
        "content": [
            [
                
            ]
        ],
        "meta": {
            "nf-test": "0.8.4",
            "nextflow": "23.04.3"
        },
        "timestamp": "2024-02-12T18:50:19.937013"
    },
    "bams_crai": {
        "content": [
            [
                
            ]
        ],
        "meta": {
            "nf-test": "0.8.4",
            "nextflow": "23.04.3"
        },
        "timestamp": "2024-02-12T18:49:24.928616"
    },
    "bams_bam": {
        "content": [
            "test.bam"
        ],
        "meta": {
            "nf-test": "0.8.4",
            "nextflow": "23.04.3"
        },
        "timestamp": "2024-02-12T18:49:24.923289"
    },
    "bams_cram": {
        "content": [
            [
                
            ]
        ],
        "meta": {
            "nf-test": "0.8.4",
            "nextflow": "23.04.3"
        },
        "timestamp": "2024-02-12T18:49:24.925716"
    },
    "crams_csi": {
        "content": [
            [
                
            ]
        ],
        "meta": {
            "nf-test": "0.8.4",
            "nextflow": "23.04.3"
        },
        "timestamp": "2024-02-12T18:50:00.655959"
    },
    "bam_bam": {
        "content": [
            "test.bam"
        ],
        "meta": {
            "nf-test": "0.8.4",
            "nextflow": "23.04.3"
        },
        "timestamp": "2024-02-12T18:50:10.319539"
    },
    "bam_versions": {
        "content": [
            [
                "versions.yml:md5,d51d18a97513e370e43f0c891c51dfc4"
            ]
        ],
        "meta": {
            "nf-test": "0.9.0",
            "nextflow": "24.04.4"
        },
        "timestamp": "2024-09-16T09:16:30.476887194"
    },
    "bams_csi": {
        "content": [
            "test.bam.csi"
        ],
        "meta": {
            "nf-test": "0.8.4",
            "nextflow": "23.04.3"
        },
        "timestamp": "2024-02-12T18:49:24.92719"
    },
    "bams_stub_csi": {
        "content": [
            "test.csi"
        ],
        "meta": {
            "nf-test": "0.8.4",
            "nextflow": "23.04.3"
        },
        "timestamp": "2024-02-12T18:50:19.940498"
    },
    "bam_crai": {
        "content": [
            [
                
            ]
        ],
        "meta": {
            "nf-test": "0.8.4",
            "nextflow": "23.04.3"
        },
        "timestamp": "2024-02-12T18:50:10.328852"
    },
    "bams_stub_versions": {
        "content": [
            [
                "versions.yml:md5,d51d18a97513e370e43f0c891c51dfc4"
            ]
        ],
        "meta": {
            "nf-test": "0.9.0",
            "nextflow": "24.04.4"
        },
        "timestamp": "2024-09-16T09:16:52.203823961"
    },
    "bam_cram": {
        "content": [
            [
                
            ]
        ],
        "meta": {
            "nf-test": "0.8.4",
            "nextflow": "23.04.3"
        },
        "timestamp": "2024-02-12T18:50:10.324219"
    },
    "bams_stub_bam": {
        "content": [
            "test.bam"
        ],
        "meta": {
            "nf-test": "0.8.4",
            "nextflow": "23.04.3"
        },
        "timestamp": "2024-02-12T18:50:19.933153"
    },
    "bams_versions": {
        "content": [
            [
                "versions.yml:md5,d51d18a97513e370e43f0c891c51dfc4"
            ]
        ],
        "meta": {
            "nf-test": "0.9.0",
            "nextflow": "24.04.4"
        },
        "timestamp": "2024-09-16T08:29:57.524363148"
    },
    "crams_bam": {
        "content": [
            [
                
            ]
        ],
        "meta": {
            "nf-test": "0.8.4",
            "nextflow": "23.04.3"
        },
        "timestamp": "2024-02-12T18:50:00.650652"
    },
    "crams_versions": {
        "content": [
            [
                "versions.yml:md5,d51d18a97513e370e43f0c891c51dfc4"
            ]
        ],
        "meta": {
            "nf-test": "0.9.0",
            "nextflow": "24.04.4"
        },
        "timestamp": "2024-09-16T09:16:06.977096207"
    },
    "bam_csi": {
        "content": [
            [
                
            ]
        ],
        "meta": {
            "nf-test": "0.8.4",
            "nextflow": "23.04.3"
        },
        "timestamp": "2024-02-12T18:50:10.33292"
    },
    "crams_crai": {
        "content": [
            "test.cram.crai"
        ],
        "meta": {
            "nf-test": "0.8.4",
            "nextflow": "23.04.3"
        },
        "timestamp": "2024-02-12T18:50:00.653512"
    },
    "bams_stub_crai": {
        "content": [
            [
                
            ]
        ],
        "meta": {
            "nf-test": "0.8.4",
            "nextflow": "23.04.3"
        },
        "timestamp": "2024-02-12T18:50:19.943839"
    }
}