{
    "Should run without failures - prefix - stub": {
        "content": [
            {
                "0": [
                    [
                        {
                            "id": "test"
                        },
                        "test.xyz.fastq:md5,d41d8cd98f00b204e9800998ecf8427e"
                    ]
                ],
                "1": [
                    "versions.yml:md5,d327e4a19a6d5c5e974136cef8999d8c"
                ],
                "gunzip": [
                    [
                        {
                            "id": "test"
                        },
                        "test.xyz.fastq:md5,d41d8cd98f00b204e9800998ecf8427e"
                    ]
                ],
                "versions": [
                    "versions.yml:md5,d327e4a19a6d5c5e974136cef8999d8c"
                ]
            }
        ],
        "meta": {
            "nf-test": "0.9.2",
            "nextflow": "24.10.2"
        },
        "timestamp": "2024-12-13T11:48:22.080222697"
    },
    "Should run without failures - stub": {
        "content": [
            {
                "0": [
                    [
                        [
                            
                        ],
                        "test_1.fastq:md5,d41d8cd98f00b204e9800998ecf8427e"
                    ]
                ],
                "1": [
                    "versions.yml:md5,d327e4a19a6d5c5e974136cef8999d8c"
                ],
                "gunzip": [
                    [
                        [
                            
                        ],
                        "test_1.fastq:md5,d41d8cd98f00b204e9800998ecf8427e"
                    ]
                ],
                "versions": [
                    "versions.yml:md5,d327e4a19a6d5c5e974136cef8999d8c"
                ]
            }
        ],
        "meta": {
            "nf-test": "0.9.2",
            "nextflow": "24.10.2"
        },
        "timestamp": "2024-12-13T11:48:14.593020264"
    },
    "Should run without failures": {
        "content": [
            {
                "0": [
                    [
                        [
                            
                        ],
                        "test_1.fastq:md5,4161df271f9bfcd25d5845a1e220dbec"
                    ]
                ],
                "1": [
                    "versions.yml:md5,d327e4a19a6d5c5e974136cef8999d8c"
                ],
                "gunzip": [
                    [
                        [
                            
                        ],
                        "test_1.fastq:md5,4161df271f9bfcd25d5845a1e220dbec"
                    ]
                ],
                "versions": [
                    "versions.yml:md5,d327e4a19a6d5c5e974136cef8999d8c"
                ]
            }
        ],
        "meta": {
            "nf-test": "0.9.2",
            "nextflow": "24.10.2"
        },
        "timestamp": "2024-12-13T11:48:01.295397925"
    },
    "Should run without failures - prefix": {
        "content": [
            {
                "0": [
                    [
                        {
                            "id": "test"
                        },
                        "test.xyz.fastq:md5,4161df271f9bfcd25d5845a1e220dbec"
                    ]
                ],
                "1": [
                    "versions.yml:md5,d327e4a19a6d5c5e974136cef8999d8c"
                ],
                "gunzip": [
                    [
                        {
                            "id": "test"
                        },
                        "test.xyz.fastq:md5,4161df271f9bfcd25d5845a1e220dbec"
                    ]
                ],
                "versions": [
                    "versions.yml:md5,d327e4a19a6d5c5e974136cef8999d8c"
                ]
            }
        ],
        "meta": {
            "nf-test": "0.9.2",
            "nextflow": "24.10.2"
        },
        "timestamp": "2024-12-13T11:48:07.414271387"
    }
}